Archive member included to satisfy reference by file (symbol)

D:/ST/STM32CubeIDE_1.13.1/STM32CubeIDE/plugins/com.st.stm32cube.ide.mcu.externaltools.gnu-tools-for-stm32.11.3.rel1.win32_1.1.0.202305231506/tools/bin/../lib/gcc/arm-none-eabi/11.3.1/../../../../arm-none-eabi/lib/thumb/v7e-m+dp/hard\libc_nano.a(libc_a-exit.o)
                              D:/ST/STM32CubeIDE_1.13.1/STM32CubeIDE/plugins/com.st.stm32cube.ide.mcu.externaltools.gnu-tools-for-stm32.11.3.rel1.win32_1.1.0.202305231506/tools/bin/../lib/gcc/arm-none-eabi/11.3.1/../../../../arm-none-eabi/lib/thumb/v7e-m+dp/hard/crt0.o (exit)
D:/ST/STM32CubeIDE_1.13.1/STM32CubeIDE/plugins/com.st.stm32cube.ide.mcu.externaltools.gnu-tools-for-stm32.11.3.rel1.win32_1.1.0.202305231506/tools/bin/../lib/gcc/arm-none-eabi/11.3.1/../../../../arm-none-eabi/lib/thumb/v7e-m+dp/hard\libc_nano.a(libc_a-findfp.o)
                              D:/ST/STM32CubeIDE_1.13.1/STM32CubeIDE/plugins/com.st.stm32cube.ide.mcu.externaltools.gnu-tools-for-stm32.11.3.rel1.win32_1.1.0.202305231506/tools/bin/../lib/gcc/arm-none-eabi/11.3.1/../../../../arm-none-eabi/lib/thumb/v7e-m+dp/hard\libc_nano.a(libc_a-exit.o) (__stdio_exit_handler)
D:/ST/STM32CubeIDE_1.13.1/STM32CubeIDE/plugins/com.st.stm32cube.ide.mcu.externaltools.gnu-tools-for-stm32.11.3.rel1.win32_1.1.0.202305231506/tools/bin/../lib/gcc/arm-none-eabi/11.3.1/../../../../arm-none-eabi/lib/thumb/v7e-m+dp/hard\libc_nano.a(libc_a-fwalk.o)
                              D:/ST/STM32CubeIDE_1.13.1/STM32CubeIDE/plugins/com.st.stm32cube.ide.mcu.externaltools.gnu-tools-for-stm32.11.3.rel1.win32_1.1.0.202305231506/tools/bin/../lib/gcc/arm-none-eabi/11.3.1/../../../../arm-none-eabi/lib/thumb/v7e-m+dp/hard\libc_nano.a(libc_a-findfp.o) (_fwalk_sglue)
D:/ST/STM32CubeIDE_1.13.1/STM32CubeIDE/plugins/com.st.stm32cube.ide.mcu.externaltools.gnu-tools-for-stm32.11.3.rel1.win32_1.1.0.202305231506/tools/bin/../lib/gcc/arm-none-eabi/11.3.1/../../../../arm-none-eabi/lib/thumb/v7e-m+dp/hard\libc_nano.a(libc_a-puts.o)
                              ./camera/camera_run.o (puts)
D:/ST/STM32CubeIDE_1.13.1/STM32CubeIDE/plugins/com.st.stm32cube.ide.mcu.externaltools.gnu-tools-for-stm32.11.3.rel1.win32_1.1.0.202305231506/tools/bin/../lib/gcc/arm-none-eabi/11.3.1/../../../../arm-none-eabi/lib/thumb/v7e-m+dp/hard\libc_nano.a(libc_a-stdio.o)
                              D:/ST/STM32CubeIDE_1.13.1/STM32CubeIDE/plugins/com.st.stm32cube.ide.mcu.externaltools.gnu-tools-for-stm32.11.3.rel1.win32_1.1.0.202305231506/tools/bin/../lib/gcc/arm-none-eabi/11.3.1/../../../../arm-none-eabi/lib/thumb/v7e-m+dp/hard\libc_nano.a(libc_a-findfp.o) (__sread)
D:/ST/STM32CubeIDE_1.13.1/STM32CubeIDE/plugins/com.st.stm32cube.ide.mcu.externaltools.gnu-tools-for-stm32.11.3.rel1.win32_1.1.0.202305231506/tools/bin/../lib/gcc/arm-none-eabi/11.3.1/../../../../arm-none-eabi/lib/thumb/v7e-m+dp/hard\libc_nano.a(libc_a-vsnprintf.o)
                              ./user_bsp/usb_bsp.o (vsnprintf)
D:/ST/STM32CubeIDE_1.13.1/STM32CubeIDE/plugins/com.st.stm32cube.ide.mcu.externaltools.gnu-tools-for-stm32.11.3.rel1.win32_1.1.0.202305231506/tools/bin/../lib/gcc/arm-none-eabi/11.3.1/../../../../arm-none-eabi/lib/thumb/v7e-m+dp/hard\libc_nano.a(libc_a-wbuf.o)
                              D:/ST/STM32CubeIDE_1.13.1/STM32CubeIDE/plugins/com.st.stm32cube.ide.mcu.externaltools.gnu-tools-for-stm32.11.3.rel1.win32_1.1.0.202305231506/tools/bin/../lib/gcc/arm-none-eabi/11.3.1/../../../../arm-none-eabi/lib/thumb/v7e-m+dp/hard\libc_nano.a(libc_a-puts.o) (__swbuf_r)
D:/ST/STM32CubeIDE_1.13.1/STM32CubeIDE/plugins/com.st.stm32cube.ide.mcu.externaltools.gnu-tools-for-stm32.11.3.rel1.win32_1.1.0.202305231506/tools/bin/../lib/gcc/arm-none-eabi/11.3.1/../../../../arm-none-eabi/lib/thumb/v7e-m+dp/hard\libc_nano.a(libc_a-wsetup.o)
                              D:/ST/STM32CubeIDE_1.13.1/STM32CubeIDE/plugins/com.st.stm32cube.ide.mcu.externaltools.gnu-tools-for-stm32.11.3.rel1.win32_1.1.0.202305231506/tools/bin/../lib/gcc/arm-none-eabi/11.3.1/../../../../arm-none-eabi/lib/thumb/v7e-m+dp/hard\libc_nano.a(libc_a-puts.o) (__swsetup_r)
D:/ST/STM32CubeIDE_1.13.1/STM32CubeIDE/plugins/com.st.stm32cube.ide.mcu.externaltools.gnu-tools-for-stm32.11.3.rel1.win32_1.1.0.202305231506/tools/bin/../lib/gcc/arm-none-eabi/11.3.1/../../../../arm-none-eabi/lib/thumb/v7e-m+dp/hard\libc_nano.a(libc_a-memset.o)
                              D:/ST/STM32CubeIDE_1.13.1/STM32CubeIDE/plugins/com.st.stm32cube.ide.mcu.externaltools.gnu-tools-for-stm32.11.3.rel1.win32_1.1.0.202305231506/tools/bin/../lib/gcc/arm-none-eabi/11.3.1/../../../../arm-none-eabi/lib/thumb/v7e-m+dp/hard/crt0.o (memset)
D:/ST/STM32CubeIDE_1.13.1/STM32CubeIDE/plugins/com.st.stm32cube.ide.mcu.externaltools.gnu-tools-for-stm32.11.3.rel1.win32_1.1.0.202305231506/tools/bin/../lib/gcc/arm-none-eabi/11.3.1/../../../../arm-none-eabi/lib/thumb/v7e-m+dp/hard\libc_nano.a(libc_a-closer.o)
[...]
Memory Configuration

Name             Origin             Length             Attributes
FLASH            0x0000000008000000 0x0000000000200000 xr
DTCMRAM          0x0000000020000000 0x0000000000020000 xrw
RAM_D1           0x0000000024000000 0x0000000000080000 xrw
RAM_D2           0x0000000030000000 0x0000000000048000 xrw
RAM_D3           0x0000000038000000 0x0000000000010000 xrw
ITCMRAM          0x0000000000000000 0x0000000000010000 xrw
*default*        0x0000000000000000 0xffffffffffffffff

Linker script and memory map

LOAD D:/ST/STM32CubeIDE_1.13.1/STM32CubeIDE/plugins/com.st.stm32cube.ide.mcu.externaltools.gnu-tools-for-stm32.11.3.rel1.win32_1.1.0.202305231506/tools/bin/../lib/gcc/arm-none-eabi/11.3.1/thumb/v7e-m+dp/hard/crti.o
LOAD D:/ST/STM32CubeIDE_1.13.1/STM32CubeIDE/plugins/com.st.stm32cube.ide.mcu.externaltools.gnu-tools-for-stm32.11.3.rel1.win32_1.1.0.202305231506/tools/bin/../lib/gcc/arm-none-eabi/11.3.1/thumb/v7e-m+dp/hard/crtbegin.o
LOAD D:/ST/STM32CubeIDE_1.13.1/STM32CubeIDE/plugins/com.st.stm32cube.ide.mcu.externaltools.gnu-tools-for-stm32.11.3.rel1.win32_1.1.0.202305231506/tools/bin/../lib/gcc/arm-none-eabi/11.3.1/../../../../arm-none-eabi/lib/thumb/v7e-m+dp/hard/crt0.o
LOAD ./Core/Src/crc.o
LOAD ./Core/Src/dcmi.o
LOAD ./Core/Src/dma.o
LOAD ./Core/Src/gpio.o
LOAD ./Core/Src/i2c.o
LOAD ./Core/Src/main.o
LOAD ./Core/Src/spi.o
LOAD ./Core/Src/stm32h7xx_hal_msp.o
LOAD ./Core/Src/stm32h7xx_it.o
LOAD ./Core/Src/syscalls.o
LOAD ./Core/Src/sysmem.o
LOAD ./Core/Src/system_stm32h7xx.o
LOAD ./Core/Startup/startup_stm32h743iikx.o
LOAD ./Drivers/STM32H7xx_HAL_Driver/Src/stm32h7xx_hal.o
LOAD ./Drivers/STM32H7xx_HAL_Driver/Src/stm32h7xx_hal_cortex.o
LOAD ./Drivers/STM32H7xx_HAL_Driver/Src/stm32h7xx_hal_crc.o
LOAD ./Drivers/STM32H7xx_HAL_Driver/Src/stm32h7xx_hal_crc_ex.o
LOAD ./Drivers/STM32H7xx_HAL_Driver/Src/stm32h7xx_hal_dcmi.o
LOAD ./Drivers/STM32H7xx_HAL_Driver/Src/stm32h7xx_hal_dma.o
LOAD ./Drivers/STM32H7xx_HAL_Driver/Src/stm32h7xx_hal_dma_ex.o
LOAD ./Drivers/STM32H7xx_HAL_Driver/Src/stm32h7xx_hal_exti.o
LOAD ./Drivers/STM32H7xx_HAL_Driver/Src/stm32h7xx_hal_flash.o
LOAD ./Drivers/STM32H7xx_HAL_Driver/Src/stm32h7xx_hal_flash_ex.o
LOAD ./Drivers/STM32H7xx_HAL_Driver/Src/stm32h7xx_hal_gpio.o
LOAD ./Drivers/STM32H7xx_HAL_Driver/Src/stm32h7xx_hal_hsem.o
LOAD ./Drivers/STM32H7xx_HAL_Driver/Src/stm32h7xx_hal_i2c.o
LOAD ./Drivers/STM32H7xx_HAL_Driver/Src/stm32h7xx_hal_i2c_ex.o
LOAD ./Drivers/STM32H7xx_HAL_Driver/Src/stm32h7xx_hal_mdma.o
LOAD ./Drivers/STM32H7xx_HAL_Driver/Src/stm32h7xx_hal_pcd.o
LOAD ./Drivers/STM32H7xx_HAL_Driver/Src/stm32h7xx_hal_pcd_ex.o
LOAD ./Drivers/STM32H7xx_HAL_Driver/Src/stm32h7xx_hal_pwr.o
LOAD ./Drivers/STM32H7xx_HAL_Driver/Src/stm32h7xx_hal_pwr_ex.o
LOAD ./Drivers/STM32H7xx_HAL_Driver/Src/stm32h7xx_hal_rcc.o
LOAD ./Drivers/STM32H7xx_HAL_Driver/Src/stm32h7xx_hal_rcc_ex.o
LOAD ./Drivers/STM32H7xx_HAL_Driver/Src/stm32h7xx_hal_spi.o
LOAD ./Drivers/STM32H7xx_HAL_Driver/Src/stm32h7xx_hal_spi_ex.o
LOAD ./Drivers/STM32H7xx_HAL_Driver/Src/stm32h7xx_hal_tim.o
LOAD ./Drivers/STM32H7xx_HAL_Driver/Src/stm32h7xx_hal_tim_ex.o
LOAD ./Drivers/STM32H7xx_HAL_Driver/Src/stm32h7xx_ll_usb.o
LOAD ./Middlewares/ST/STM32_USB_Device_Library/Class/CDC/Src/usbd_cdc.o
LOAD ./Middlewares/ST/STM32_USB_Device_Library/Core/Src/usbd_core.o
LOAD ./Middlewares/ST/STM32_USB_Device_Library/Core/Src/usbd_ctlreq.o
LOAD ./Middlewares/ST/STM32_USB_Device_Library/Core/Src/usbd_ioreq.o
LOAD ./SPI_LCD/lcd_display.o
LOAD ./SPI_LCD/st7735.o
LOAD ./USB_DEVICE/App/usb_device.o
LOAD ./USB_DEVICE/App/usbd_cdc_if.o
LOAD ./USB_DEVICE/App/usbd_desc.o
LOAD ./USB_DEVICE/Target/usbd_conf.o
LOAD ./camera/camera_run.o
LOAD ./camera/ov5640.o
LOAD ./camera/ov5640_cfg.o
LOAD ./user_bsp/IIC_bus.o
LOAD ./user_bsp/usb_bsp.o
START GROUP
LOAD D:/ST/STM32CubeIDE_1.13.1/STM32CubeIDE/plugins/com.st.stm32cube.ide.mcu.externaltools.gnu-tools-for-stm32.11.3.rel1.win32_1.1.0.202305231506/tools/bin/../lib/gcc/arm-none-eabi/11.3.1/../../../../arm-none-eabi/lib/thumb/v7e-m+dp/hard\libc_nano.a
LOAD D:/ST/STM32CubeIDE_1.13.1/STM32CubeIDE/plugins/com.st.stm32cube.ide.mcu.externaltools.gnu-tools-for-stm32.11.3.rel1.win32_1.1.0.202305231506/tools/bin/../lib/gcc/arm-none-eabi/11.3.1/../../../../arm-none-eabi/lib/thumb/v7e-m+dp/hard\libm.a
END GROUP
START GROUP
LOAD D:/ST/STM32CubeIDE_1.13.1/STM32CubeIDE/plugins/com.st.stm32cube.ide.mcu.externaltools.gnu-tools-for-stm32.11.3.rel1.win32_1.1.0.202305231506/tools/bin/../lib/gcc/arm-none-eabi/11.3.1/thumb/v7e-m+dp/hard\libgcc.a
LOAD D:/ST/STM32CubeIDE_1.13.1/STM32CubeIDE/plugins/com.st.stm32cube.ide.mcu.externaltools.gnu-tools-for-stm32.11.3.rel1.win32_1.1.0.202305231506/tools/bin/../lib/gcc/arm-none-eabi/11.3.1/../../../../arm-none-eabi/lib/thumb/v7e-m+dp/hard\libc_nano.a
END GROUP
START GROUP
LOAD D:/ST/STM32CubeIDE_1.13.1/STM32CubeIDE/plugins/com.st.stm32cube.ide.mcu.externaltools.gnu-tools-for-stm32.11.3.rel1.win32_1.1.0.202305231506/tools/bin/../lib/gcc/arm-none-eabi/11.3.1/thumb/v7e-m+dp/hard\libgcc.a
LOAD D:/ST/STM32CubeIDE_1.13.1/STM32CubeIDE/plugins/com.st.stm32cube.ide.mcu.externaltools.gnu-tools-for-stm32.11.3.rel1.win32_1.1.0.202305231506/tools/bin/../lib/gcc/arm-none-eabi/11.3.1/../../../../arm-none-eabi/lib/thumb/v7e-m+dp/hard\libc_nano.a
LOAD D:/ST/STM32CubeIDE_1.13.1/STM32CubeIDE/plugins/com.st.stm32cube.ide.mcu.externaltools.gnu-tools-for-stm32.11.3.rel1.win32_1.1.0.202305231506/tools/bin/../lib/gcc/arm-none-eabi/11.3.1/../../../../arm-none-eabi/lib/thumb/v7e-m+dp/hard\libnosys.a
END GROUP
START GROUP
LOAD D:/ST/STM32CubeIDE_1.13.1/STM32CubeIDE/plugins/com.st.stm32cube.ide.mcu.externaltools.gnu-tools-for-stm32.11.3.rel1.win32_1.1.0.202305231506/tools/bin/../lib/gcc/arm-none-eabi/11.3.1/thumb/v7e-m+dp/hard\libgcc.a
LOAD D:/ST/STM32CubeIDE_1.13.1/STM32CubeIDE/plugins/com.st.stm32cube.ide.mcu.externaltools.gnu-tools-for-stm32.11.3.rel1.win32_1.1.0.202305231506/tools/bin/../lib/gcc/arm-none-eabi/11.3.1/../../../../arm-none-eabi/lib/thumb/v7e-m+dp/hard\libc_nano.a
LOAD D:/ST/STM32CubeIDE_1.13.1/STM32CubeIDE/plugins/com.st.stm32cube.ide.mcu.externaltools.gnu-tools-for-stm32.11.3.rel1.win32_1.1.0.202305231506/tools/bin/../lib/gcc/arm-none-eabi/11.3.1/../../../../arm-none-eabi/lib/thumb/v7e-m+dp/hard\libnosys.a
END GROUP
LOAD D:/ST/STM32CubeIDE_1.13.1/STM32CubeIDE/plugins/com.st.stm32cube.ide.mcu.externaltools.gnu-tools-for-stm32.11.3.rel1.win32_1.1.0.202305231506/tools/bin/../lib/gcc/arm-none-eabi/11.3.1/thumb/v7e-m+dp/hard/crtend.o
LOAD D:/ST/STM32CubeIDE_1.13.1/STM32CubeIDE/plugins/com.st.stm32cube.ide.mcu.externaltools.gnu-tools-for-stm32.11.3.rel1.win32_1.1.0.202305231506/tools/bin/../lib/gcc/arm-none-eabi/11.3.1/thumb/v7e-m+dp/hard/crtn.o
                0x0000000024080000                _estack = (ORIGIN (RAM_D1) + LENGTH (RAM_D1))
                0x0000000000002000                _Min_Heap_Size = 0x2000
                0x0000000000004000                _Min_Stack_Size = 0x4000

.isr_vector     0x0000000008000000      0x298
                0x0000000008000000                . = ALIGN (0x4)
 *(.isr_vector)
 .isr_vector    0x0000000008000000      0x298 ./Core/Startup/startup_stm32h743iikx.o
                0x0000000008000000                g_pfnVectors
                0x0000000008000298                . = ALIGN (0x4)

.text           0x00000000080002a0    0x11a94
                0x00000000080002a0                . = ALIGN (0x4)
 *(.text)
 .text          0x00000000080002a0       0x40 D:/ST/STM32CubeIDE_1.13.1/STM32CubeIDE/plugins/com.st.stm32cube.ide.mcu.externaltools.gnu-tools-for-stm32.11.3.rel1.win32_1.1.0.202305231506/tools/bin/../lib/gcc/arm-none-eabi/11.3.1/thumb/v7e-m+dp/hard/crtbegin.o
 .text          0x00000000080002e0       0xa0 D:/ST/STM32CubeIDE_1.13.1/STM32CubeIDE/plugins/com.st.stm32cube.ide.mcu.externaltools.gnu-tools-for-stm32.11.3.rel1.win32_1.1.0.202305231506/tools/bin/../lib/gcc/arm-none-eabi/11.3.1/../../../../arm-none-eabi/lib/thumb/v7e-m+dp/hard\libc_nano.a(libc_a-memchr.o)
                0x00000000080002e0                memchr
 *(.text*)
 .text.MX_CRC_Init
                0x0000000008000380       0x44 ./Core/Src/crc.o
                0x0000000008000380                MX_CRC_Init
 .text.HAL_CRC_MspInit
                0x00000000080003c4       0x44 ./Core/Src/crc.o
                0x00000000080003c4                HAL_CRC_MspInit
 .text.MX_DCMI_Init
                0x0000000008000408       0x68 ./Core/Src/dcmi.o
                0x0000000008000408                MX_DCMI_Init
 .text.HAL_DCMI_MspInit
                0x0000000008000470      0x24c ./Core/Src/dcmi.o
                0x0000000008000470                HAL_DCMI_MspInit
 .text.MX_DMA_Init
                0x00000000080006bc       0x50 ./Core/Src/dma.o
                0x00000000080006bc                MX_DMA_Init
 .text.MX_GPIO_Init
                0x000000000800070c      0x218 ./Core/Src/gpio.o
                0x000000000800070c                MX_GPIO_Init
 .text.MX_I2C1_Init
                0x0000000008000924       0x80 ./Core/Src/i2c.o
                0x0000000008000924                MX_I2C1_Init
 .text.HAL_I2C_MspInit
                0x00000000080009a4       0xd4 ./Core/Src/i2c.o
                0x00000000080009a4                HAL_I2C_MspInit
 .text.main     0x0000000008000a78       0x8c ./Core/Src/main.o
                0x0000000008000a78                main
 .text.SystemClock_Config
                0x0000000008000b04      0x108 ./Core/Src/main.o
                0x0000000008000b04                SystemClock_Config
 .text.Error_Handler
                0x0000000008000c0c        0xa ./Core/Src/main.o
                0x0000000008000c0c                Error_Handler
 *fill*         0x0000000008000c16        0x2 
 .text.MX_SPI2_Init
                0x0000000008000c18       0xb0 ./Core/Src/spi.o
                0x0000000008000c18                MX_SPI2_Init
 .text.HAL_SPI_MspInit
                0x0000000008000cc8      0x148 ./Core/Src/spi.o
                0x0000000008000cc8                HAL_SPI_MspInit
 .text.HAL_MspInit
                0x0000000008000e10       0x34 ./Core/Src/stm32h7xx_hal_msp.o
                0x0000000008000e10                HAL_MspInit
 .text.NMI_Handler
                0x0000000008000e44        0x6 ./Core/Src/stm32h7xx_it.o
                0x0000000008000e44                NMI_Handler
 .text.HardFault_Handler
                0x0000000008000e4a        0x6 ./Core/Src/stm32h7xx_it.o
                0x0000000008000e4a                HardFault_Handler
 .text.MemManage_Handler
                0x0000000008000e50        0x6 ./Core/Src/stm32h7xx_it.o
                0x0000000008000e50                MemManage_Handler
 .text.BusFault_Handler
                0x0000000008000e56        0x6 ./Core/Src/stm32h7xx_it.o
                0x0000000008000e56                BusFault_Handler
 .text.UsageFault_Handler
                0x0000000008000e5c        0x6 ./Core/Src/stm32h7xx_it.o
                0x0000000008000e5c                UsageFault_Handler
 .text.SVC_Handler
                0x0000000008000e62        0xe ./Core/Src/stm32h7xx_it.o
                0x0000000008000e62                SVC_Handler
 .text.DebugMon_Handler
                0x0000000008000e70        0xe ./Core/Src/stm32h7xx_it.o
                0x0000000008000e70                DebugMon_Handler
 .text.PendSV_Handler
                0x0000000008000e7e        0xe ./Core/Src/stm32h7xx_it.o
                0x0000000008000e7e                PendSV_Handler
 .text.SysTick_Handler
                0x0000000008000e8c        0xc ./Core/Src/stm32h7xx_it.o
                0x0000000008000e8c                SysTick_Handler
 .text.DMA1_Stream1_IRQHandler
                0x0000000008000e98       0x14 ./Core/Src/stm32h7xx_it.o
                0x0000000008000e98                DMA1_Stream1_IRQHandler
 .text.DMA1_Stream5_IRQHandler
                0x0000000008000eac       0x14 ./Core/Src/stm32h7xx_it.o
                0x0000000008000eac                DMA1_Stream5_IRQHandler
 .text.SPI2_IRQHandler
                0x0000000008000ec0       0x14 ./Core/Src/stm32h7xx_it.o
                0x0000000008000ec0                SPI2_IRQHandler
 .text.DCMI_IRQHandler
                0x0000000008000ed4       0x14 ./Core/Src/stm32h7xx_it.o
                0x0000000008000ed4                DCMI_IRQHandler
 .text.OTG_FS_IRQHandler
                0x0000000008000ee8       0x14 ./Core/Src/stm32h7xx_it.o
                0x0000000008000ee8                OTG_FS_IRQHandler
 .text._read    0x0000000008000efc       0x3a ./Core/Src/syscalls.o
                0x0000000008000efc                _read
 .text._write   0x0000000008000f36       0x38 ./Core/Src/syscalls.o
                0x0000000008000f36                _write
 .text._close   0x0000000008000f6e       0x18 ./Core/Src/syscalls.o
                0x0000000008000f6e                _close
 .text._fstat   0x0000000008000f86       0x20 ./Core/Src/syscalls.o
                0x0000000008000f86                _fstat
 .text._isatty  0x0000000008000fa6       0x16 ./Core/Src/syscalls.o
                0x0000000008000fa6                _isatty
 .text._lseek   0x0000000008000fbc       0x1a ./Core/Src/syscalls.o
                0x0000000008000fbc                _lseek
 *fill*         0x0000000008000fd6        0x2 
 .text._sbrk    0x0000000008000fd8       0x6c ./Core/Src/sysmem.o
                0x0000000008000fd8                _sbrk
 .text.SystemInit
                0x0000000008001044      0x110 ./Core/Src/system_stm32h7xx.o
                0x0000000008001044                SystemInit
 .text.Reset_Handler
                0x0000000008001154       0x50 ./Core/Startup/startup_stm32h743iikx.o
                0x0000000008001154                Reset_Handler
 .text.Default_Handler
                0x00000000080011a4        0x2 ./Core/Startup/startup_stm32h743iikx.o
                0x00000000080011a4                RTC_Alarm_IRQHandler
                0x00000000080011a4                EXTI2_IRQHandler
                0x00000000080011a4                TIM8_CC_IRQHandler
                0x00000000080011a4                HRTIM1_Master_IRQHandler
                0x00000000080011a4                UART8_IRQHandler
                0x00000000080011a4                SPI4_IRQHandler
                0x00000000080011a4                TIM1_CC_IRQHandler
                0x00000000080011a4                BDMA_Channel6_IRQHandler
                0x00000000080011a4                DMA2_Stream5_IRQHandler
                0x00000000080011a4                HRTIM1_FLT_IRQHandler
                0x00000000080011a4                JPEG_IRQHandler
                0x00000000080011a4                BDMA_Channel1_IRQHandler
                0x00000000080011a4                HRTIM1_TIMD_IRQHandler
                0x00000000080011a4                TAMP_STAMP_IRQHandler
                0x00000000080011a4                EXTI3_IRQHandler
                0x00000000080011a4                LPTIM4_IRQHandler
                0x00000000080011a4                TIM8_TRG_COM_TIM14_IRQHandler
                0x00000000080011a4                LPTIM2_IRQHandler
                0x00000000080011a4                DFSDM1_FLT1_IRQHandler
                0x00000000080011a4                DMAMUX2_OVR_IRQHandler
                0x00000000080011a4                TIM8_UP_TIM13_IRQHandler
                0x00000000080011a4                I2C3_ER_IRQHandler
                0x00000000080011a4                DFSDM1_FLT2_IRQHandler
                0x00000000080011a4                MDMA_IRQHandler
                0x00000000080011a4                LPTIM3_IRQHandler
                0x00000000080011a4                HSEM1_IRQHandler
                0x00000000080011a4                EXTI0_IRQHandler
                0x00000000080011a4                I2C2_EV_IRQHandler
                0x00000000080011a4                DMA1_Stream2_IRQHandler
                0x00000000080011a4                FPU_IRQHandler
                0x00000000080011a4                OTG_HS_WKUP_IRQHandler
                0x00000000080011a4                FDCAN1_IT1_IRQHandler
                0x00000000080011a4                LTDC_ER_IRQHandler
                0x00000000080011a4                DMA2_Stream2_IRQHandler
                0x00000000080011a4                HRTIM1_TIME_IRQHandler
                0x00000000080011a4                SPI1_IRQHandler
                0x00000000080011a4                TIM6_DAC_IRQHandler
                0x00000000080011a4                HRTIM1_TIMC_IRQHandler
                0x00000000080011a4                DMA2_Stream3_IRQHandler
                0x00000000080011a4                SAI2_IRQHandler
                0x00000000080011a4                DFSDM1_FLT3_IRQHandler
                0x00000000080011a4                USART6_IRQHandler
                0x00000000080011a4                TIM17_IRQHandler
                0x00000000080011a4                USART3_IRQHandler
                0x00000000080011a4                BDMA_Channel7_IRQHandler
                0x00000000080011a4                LPTIM5_IRQHandler
                0x00000000080011a4                UART5_IRQHandler
                0x00000000080011a4                ADC3_IRQHandler
                0x00000000080011a4                DMA2_Stream0_IRQHandler
                0x00000000080011a4                TIM4_IRQHandler
                0x00000000080011a4                BDMA_Channel2_IRQHandler
                0x00000000080011a4                QUADSPI_IRQHandler
                0x00000000080011a4                I2C1_EV_IRQHandler
                0x00000000080011a4                DMA1_Stream6_IRQHandler
                0x00000000080011a4                DMAMUX1_OVR_IRQHandler
                0x00000000080011a4                TIM16_IRQHandler
                0x00000000080011a4                UART4_IRQHandler
                0x00000000080011a4                BDMA_Channel5_IRQHandler
                0x00000000080011a4                TIM3_IRQHandler
                0x00000000080011a4                RCC_IRQHandler
                0x00000000080011a4                TIM8_BRK_TIM12_IRQHandler
                0x00000000080011a4                TIM1_TRG_COM_IRQHandler
                0x00000000080011a4                Default_Handler
                0x00000000080011a4                ECC_IRQHandler
                0x00000000080011a4                CEC_IRQHandler
                0x00000000080011a4                EXTI15_10_IRQHandler
                0x00000000080011a4                BDMA_Channel0_IRQHandler
                0x00000000080011a4                ADC_IRQHandler
                0x00000000080011a4                DMA1_Stream7_IRQHandler
                0x00000000080011a4                HRTIM1_TIMA_IRQHandler
                0x00000000080011a4                SPI5_IRQHandler
                0x00000000080011a4                TIM7_IRQHandler
                0x00000000080011a4                SDMMC1_IRQHandler
                0x00000000080011a4                TIM5_IRQHandler
                0x00000000080011a4                DMA2_Stream7_IRQHandler
                0x00000000080011a4                TIM15_IRQHandler
                0x00000000080011a4                PVD_AVD_IRQHandler
                0x00000000080011a4                I2C3_EV_IRQHandler
                0x00000000080011a4                EXTI9_5_IRQHandler
                0x00000000080011a4                RTC_WKUP_IRQHandler
                0x00000000080011a4                LTDC_IRQHandler
                0x00000000080011a4                SAI3_IRQHandler
                0x00000000080011a4                ETH_WKUP_IRQHandler
                0x00000000080011a4                SPDIF_RX_IRQHandler
                0x00000000080011a4                OTG_HS_EP1_IN_IRQHandler
                0x00000000080011a4                DMA1_Stream0_IRQHandler
                0x00000000080011a4                CRS_IRQHandler
                0x00000000080011a4                EXTI4_IRQHandler
                0x00000000080011a4                RNG_IRQHandler
                0x00000000080011a4                HRTIM1_TIMB_IRQHandler
                0x00000000080011a4                FDCAN2_IT1_IRQHandler
                0x00000000080011a4                ETH_IRQHandler
                0x00000000080011a4                TIM1_UP_IRQHandler
                0x00000000080011a4                BDMA_Channel4_IRQHandler
                0x00000000080011a4                OTG_HS_EP1_OUT_IRQHandler
                0x00000000080011a4                WWDG_IRQHandler
                0x00000000080011a4                SPI6_IRQHandler
                0x00000000080011a4                MDIOS_IRQHandler
                0x00000000080011a4                I2C4_EV_IRQHandler
                0x00000000080011a4                FDCAN2_IT0_IRQHandler
                0x00000000080011a4                LPUART1_IRQHandler
                0x00000000080011a4                FDCAN1_IT0_IRQHandler
                0x00000000080011a4                TIM2_IRQHandler
                0x00000000080011a4                OTG_FS_WKUP_IRQHandler
                0x00000000080011a4                OTG_HS_IRQHandler
                0x00000000080011a4                DMA2D_IRQHandler
                0x00000000080011a4                TIM1_BRK_IRQHandler
                0x00000000080011a4                EXTI1_IRQHandler
                0x00000000080011a4                SDMMC2_IRQHandler
                0x00000000080011a4                OTG_FS_EP1_OUT_IRQHandler
                0x00000000080011a4                BDMA_Channel3_IRQHandler
                0x00000000080011a4                UART7_IRQHandler
                0x00000000080011a4                MDIOS_WKUP_IRQHandler
                0x00000000080011a4                USART2_IRQHandler
                0x00000000080011a4                DFSDM1_FLT0_IRQHandler
                0x00000000080011a4                SAI4_IRQHandler
                0x00000000080011a4                I2C2_ER_IRQHandler
                0x00000000080011a4                DMA2_Stream1_IRQHandler
                0x00000000080011a4                FLASH_IRQHandler
                0x00000000080011a4                DMA2_Stream4_IRQHandler
                0x00000000080011a4                USART1_IRQHandler
                0x00000000080011a4                SPI3_IRQHandler
                0x00000000080011a4                WAKEUP_PIN_IRQHandler
                0x00000000080011a4                DMA1_Stream4_IRQHandler
                0x00000000080011a4                OTG_FS_EP1_IN_IRQHandler
                0x00000000080011a4                I2C1_ER_IRQHandler
                0x00000000080011a4                FMC_IRQHandler
                0x00000000080011a4                FDCAN_CAL_IRQHandler
                0x00000000080011a4                SWPMI1_IRQHandler
                0x00000000080011a4                COMP1_IRQHandler
                0x00000000080011a4                LPTIM1_IRQHandler
                0x00000000080011a4                I2C4_ER_IRQHandler
                0x00000000080011a4                DMA2_Stream6_IRQHandler
                0x00000000080011a4                SAI1_IRQHandler
                0x00000000080011a4                DMA1_Stream3_IRQHandler
 *fill*         0x00000000080011a6        0x2 
 .text.HAL_Init
                0x00000000080011a8       0x78 ./Drivers/STM32H7xx_HAL_Driver/Src/stm32h7xx_hal.o
                0x00000000080011a8                HAL_Init
 .text.HAL_InitTick
                0x0000000008001220       0x6c ./Drivers/STM32H7xx_HAL_Driver/Src/stm32h7xx_hal.o
                0x0000000008001220                HAL_InitTick
 .text.HAL_IncTick
                0x000000000800128c       0x28 ./Drivers/STM32H7xx_HAL_Driver/Src/stm32h7xx_hal.o
                0x000000000800128c                HAL_IncTick
 .text.HAL_GetTick
                0x00000000080012b4       0x18 ./Drivers/STM32H7xx_HAL_Driver/Src/stm32h7xx_hal.o
                0x00000000080012b4                HAL_GetTick
 .text.HAL_Delay
                0x00000000080012cc       0x48 ./Drivers/STM32H7xx_HAL_Driver/Src/stm32h7xx_hal.o
                0x00000000080012cc                HAL_Delay
 .text.HAL_GetREVID
                0x0000000008001314       0x18 ./Drivers/STM32H7xx_HAL_Driver/Src/stm32h7xx_hal.o
                0x0000000008001314                HAL_GetREVID
 .text.__NVIC_SetPriorityGrouping
                0x000000000800132c       0x48 ./Drivers/STM32H7xx_HAL_Driver/Src/stm32h7xx_hal_cortex.o
 .text.__NVIC_GetPriorityGrouping
                0x0000000008001374       0x1c ./Drivers/STM32H7xx_HAL_Driver/Src/stm32h7xx_hal_cortex.o
 .text.__NVIC_EnableIRQ
                0x0000000008001390       0x3c ./Drivers/STM32H7xx_HAL_Driver/Src/stm32h7xx_hal_cortex.o
 .text.__NVIC_SetPriority
                0x00000000080013cc       0x54 ./Drivers/STM32H7xx_HAL_Driver/Src/stm32h7xx_hal_cortex.o
 .text.NVIC_EncodePriority
                0x0000000008001420       0x66 ./Drivers/STM32H7xx_HAL_Driver/Src/stm32h7xx_hal_cortex.o
 *fill*         0x0000000008001486        0x2 
 .text.SysTick_Config
                0x0000000008001488       0x44 ./Drivers/STM32H7xx_HAL_Driver/Src/stm32h7xx_hal_cortex.o
 .text.HAL_NVIC_SetPriorityGrouping
                0x00000000080014cc       0x16 ./Drivers/STM32H7xx_HAL_Driver/Src/stm32h7xx_hal_cortex.o
                0x00000000080014cc                HAL_NVIC_SetPriorityGrouping
 .text.HAL_NVIC_SetPriority
                0x00000000080014e2       0x34 ./Drivers/STM32H7xx_HAL_Driver/Src/stm32h7xx_hal_cortex.o
                0x00000000080014e2                HAL_NVIC_SetPriority
 .text.HAL_NVIC_EnableIRQ
                0x0000000008001516       0x1c ./Drivers/STM32H7xx_HAL_Driver/Src/stm32h7xx_hal_cortex.o
                0x0000000008001516                HAL_NVIC_EnableIRQ
 .text.HAL_SYSTICK_Config
                0x0000000008001532       0x18 ./Drivers/STM32H7xx_HAL_Driver/Src/stm32h7xx_hal_cortex.o
                0x0000000008001532                HAL_SYSTICK_Config
 *fill*         0x000000000800154a        0x2 
 .text.HAL_CRC_Init
                0x000000000800154c       0xc8 ./Drivers/STM32H7xx_HAL_Driver/Src/stm32h7xx_hal_crc.o
                0x000000000800154c                HAL_CRC_Init
 .text.HAL_CRCEx_Polynomial_Set
                0x0000000008001614      0x11c ./Drivers/STM32H7xx_HAL_Driver/Src/stm32h7xx_hal_crc_ex.o
                0x0000000008001614                HAL_CRCEx_Polynomial_Set
 .text.HAL_DCMI_Init
                0x0000000008001730       0xf4 ./Drivers/STM32H7xx_HAL_Driver/Src/stm32h7xx_hal_dcmi.o
                0x0000000008001730                HAL_DCMI_Init
 .text.HAL_DCMI_Start_DMA
                0x0000000008001824      0x184 ./Drivers/STM32H7xx_HAL_Driver/Src/stm32h7xx_hal_dcmi.o
                0x0000000008001824                HAL_DCMI_Start_DMA
 .text.HAL_DCMI_Stop
                0x00000000080019a8       0xc0 ./Drivers/STM32H7xx_HAL_Driver/Src/stm32h7xx_hal_dcmi.o
                0x00000000080019a8                HAL_DCMI_Stop
 .text.HAL_DCMI_Suspend
                0x0000000008001a68       0xb0 ./Drivers/STM32H7xx_HAL_Driver/Src/stm32h7xx_hal_dcmi.o
                0x0000000008001a68                HAL_DCMI_Suspend
 .text.HAL_DCMI_IRQHandler
                0x0000000008001b18      0x104 ./Drivers/STM32H7xx_HAL_Driver/Src/stm32h7xx_hal_dcmi.o
                0x0000000008001b18                HAL_DCMI_IRQHandler
 .text.HAL_DCMI_ErrorCallback
                0x0000000008001c1c       0x14 ./Drivers/STM32H7xx_HAL_Driver/Src/stm32h7xx_hal_dcmi.o
                0x0000000008001c1c                HAL_DCMI_ErrorCallback
 .text.HAL_DCMI_LineEventCallback
                0x0000000008001c30       0x14 ./Drivers/STM32H7xx_HAL_Driver/Src/stm32h7xx_hal_dcmi.o
                0x0000000008001c30                HAL_DCMI_LineEventCallback
 .text.HAL_DCMI_VsyncEventCallback
                0x0000000008001c44       0x14 ./Drivers/STM32H7xx_HAL_Driver/Src/stm32h7xx_hal_dcmi.o
                0x0000000008001c44                HAL_DCMI_VsyncEventCallback
 .text.DCMI_DMAXferCplt
                0x0000000008001c58      0x126 ./Drivers/STM32H7xx_HAL_Driver/Src/stm32h7xx_hal_dcmi.o
 .text.DCMI_DMAError
                0x0000000008001d7e       0x3a ./Drivers/STM32H7xx_HAL_Driver/Src/stm32h7xx_hal_dcmi.o
 .text.HAL_DMA_Init
                0x0000000008001db8      0x6b8 ./Drivers/STM32H7xx_HAL_Driver/Src/stm32h7xx_hal_dma.o
                0x0000000008001db8                HAL_DMA_Init
 .text.HAL_DMA_Start_IT
                0x0000000008002470      0x4d4 ./Drivers/STM32H7xx_HAL_Driver/Src/stm32h7xx_hal_dma.o
                0x0000000008002470                HAL_DMA_Start_IT
 .text.HAL_DMA_Abort
                0x0000000008002944      0x63c ./Drivers/STM32H7xx_HAL_Driver/Src/stm32h7xx_hal_dma.o
                0x0000000008002944                HAL_DMA_Abort
 .text.HAL_DMA_Abort_IT
                0x0000000008002f80      0x48c ./Drivers/STM32H7xx_HAL_Driver/Src/stm32h7xx_hal_dma.o
                0x0000000008002f80                HAL_DMA_Abort_IT
 .text.HAL_DMA_IRQHandler
                0x000000000800340c      0xe54 ./Drivers/STM32H7xx_HAL_Driver/Src/stm32h7xx_hal_dma.o
                0x000000000800340c                HAL_DMA_IRQHandler
 .text.DMA_SetConfig
                0x0000000008004260      0x358 ./Drivers/STM32H7xx_HAL_Driver/Src/stm32h7xx_hal_dma.o
 .text.DMA_CalcBaseAndBitshift
                0x00000000080045b8      0x164 ./Drivers/STM32H7xx_HAL_Driver/Src/stm32h7xx_hal_dma.o
 .text.DMA_CheckFifoParam
                0x000000000800471c       0xf8 ./Drivers/STM32H7xx_HAL_Driver/Src/stm32h7xx_hal_dma.o
 .text.DMA_CalcDMAMUXChannelBaseAndMask
                0x0000000008004814      0x134 ./Drivers/STM32H7xx_HAL_Driver/Src/stm32h7xx_hal_dma.o
 .text.DMA_CalcDMAMUXRequestGenBaseAndMask
                0x0000000008004948       0xe8 ./Drivers/STM32H7xx_HAL_Driver/Src/stm32h7xx_hal_dma.o
 .text.HAL_DMAEx_MultiBufferStart_IT
                0x0000000008004a30      0x6bc ./Drivers/STM32H7xx_HAL_Driver/Src/stm32h7xx_hal_dma_ex.o
                0x0000000008004a30                HAL_DMAEx_MultiBufferStart_IT
 .text.HAL_DMAEx_ChangeMemory
                0x00000000080050ec      0x138 ./Drivers/STM32H7xx_HAL_Driver/Src/stm32h7xx_hal_dma_ex.o
                0x00000000080050ec                HAL_DMAEx_ChangeMemory
 .text.DMA_MultiBufferSetConfig
                0x0000000008005224      0x16c ./Drivers/STM32H7xx_HAL_Driver/Src/stm32h7xx_hal_dma_ex.o
 .text.HAL_GPIO_Init
                0x0000000008005390      0x360 ./Drivers/STM32H7xx_HAL_Driver/Src/stm32h7xx_hal_gpio.o
                0x0000000008005390                HAL_GPIO_Init
 .text.HAL_GPIO_WritePin
                0x00000000080056f0       0x32 ./Drivers/STM32H7xx_HAL_Driver/Src/stm32h7xx_hal_gpio.o
                0x00000000080056f0                HAL_GPIO_WritePin
 *fill*         0x0000000008005722        0x2 
 .text.HAL_I2C_Init
                0x0000000008005724      0x120 ./Drivers/STM32H7xx_HAL_Driver/Src/stm32h7xx_hal_i2c.o
                0x0000000008005724                HAL_I2C_Init
 .text.HAL_I2C_Mem_Write
                0x0000000008005844      0x228 ./Drivers/STM32H7xx_HAL_Driver/Src/stm32h7xx_hal_i2c.o
                0x0000000008005844                HAL_I2C_Mem_Write
 .text.HAL_I2C_Mem_Read
                0x0000000008005a6c      0x234 ./Drivers/STM32H7xx_HAL_Driver/Src/stm32h7xx_hal_i2c.o
                0x0000000008005a6c                HAL_I2C_Mem_Read
 .text.I2C_RequestMemoryWrite
                0x0000000008005ca0       0xa8 ./Drivers/STM32H7xx_HAL_Driver/Src/stm32h7xx_hal_i2c.o
 .text.I2C_RequestMemoryRead
                0x0000000008005d48       0xa8 ./Drivers/STM32H7xx_HAL_Driver/Src/stm32h7xx_hal_i2c.o
 .text.I2C_Flush_TXDR
                0x0000000008005df0       0x48 ./Drivers/STM32H7xx_HAL_Driver/Src/stm32h7xx_hal_i2c.o
 .text.I2C_WaitOnFlagUntilTimeout
                0x0000000008005e38       0x9e ./Drivers/STM32H7xx_HAL_Driver/Src/stm32h7xx_hal_i2c.o
 .text.I2C_WaitOnTXISFlagUntilTimeout
                0x0000000008005ed6       0x8e ./Drivers/STM32H7xx_HAL_Driver/Src/stm32h7xx_hal_i2c.o
 .text.I2C_WaitOnSTOPFlagUntilTimeout
                0x0000000008005f64       0x86 ./Drivers/STM32H7xx_HAL_Driver/Src/stm32h7xx_hal_i2c.o
 *fill*         0x0000000008005fea        0x2 
 .text.I2C_IsErrorOccurred
                0x0000000008005fec      0x1c0 ./Drivers/STM32H7xx_HAL_Driver/Src/stm32h7xx_hal_i2c.o
 .text.I2C_TransferConfig
                0x00000000080061ac       0x64 ./Drivers/STM32H7xx_HAL_Driver/Src/stm32h7xx_hal_i2c.o
 .text.HAL_I2CEx_ConfigAnalogFilter
                0x0000000008006210       0x96 ./Drivers/STM32H7xx_HAL_Driver/Src/stm32h7xx_hal_i2c_ex.o
                0x0000000008006210                HAL_I2CEx_ConfigAnalogFilter
 .text.HAL_I2CEx_ConfigDigitalFilter
                0x00000000080062a6       0x98 ./Drivers/STM32H7xx_HAL_Driver/Src/stm32h7xx_hal_i2c_ex.o
                0x00000000080062a6                HAL_I2CEx_ConfigDigitalFilter
 .text.HAL_PCD_Init
                0x000000000800633e      0x248 ./Drivers/STM32H7xx_HAL_Driver/Src/stm32h7xx_hal_pcd.o
                0x000000000800633e                HAL_PCD_Init
 .text.HAL_PCD_Start
                0x0000000008006586       0x6a ./Drivers/STM32H7xx_HAL_Driver/Src/stm32h7xx_hal_pcd.o
                0x0000000008006586                HAL_PCD_Start
 .text.HAL_PCD_IRQHandler
                0x00000000080065f0      0x998 ./Drivers/STM32H7xx_HAL_Driver/Src/stm32h7xx_hal_pcd.o
                0x00000000080065f0                HAL_PCD_IRQHandler
 .text.HAL_PCD_SetAddress
                0x0000000008006f88       0x4a ./Drivers/STM32H7xx_HAL_Driver/Src/stm32h7xx_hal_pcd.o
                0x0000000008006f88                HAL_PCD_SetAddress
 .text.HAL_PCD_EP_Open
                0x0000000008006fd2       0xd0 ./Drivers/STM32H7xx_HAL_Driver/Src/stm32h7xx_hal_pcd.o
                0x0000000008006fd2                HAL_PCD_EP_Open
 .text.HAL_PCD_EP_Close
                0x00000000080070a2       0x94 ./Drivers/STM32H7xx_HAL_Driver/Src/stm32h7xx_hal_pcd.o
                0x00000000080070a2                HAL_PCD_EP_Close
 .text.HAL_PCD_EP_Receive
                0x0000000008007136       0x78 ./Drivers/STM32H7xx_HAL_Driver/Src/stm32h7xx_hal_pcd.o
                0x0000000008007136                HAL_PCD_EP_Receive
 .text.HAL_PCD_EP_GetRxCount
                0x00000000080071ae       0x30 ./Drivers/STM32H7xx_HAL_Driver/Src/stm32h7xx_hal_pcd.o
                0x00000000080071ae                HAL_PCD_EP_GetRxCount
 .text.HAL_PCD_EP_Transmit
                0x00000000080071de       0x76 ./Drivers/STM32H7xx_HAL_Driver/Src/stm32h7xx_hal_pcd.o
                0x00000000080071de                HAL_PCD_EP_Transmit
 .text.HAL_PCD_EP_SetStall
                0x0000000008007254       0xc8 ./Drivers/STM32H7xx_HAL_Driver/Src/stm32h7xx_hal_pcd.o
                0x0000000008007254                HAL_PCD_EP_SetStall
 .text.HAL_PCD_EP_ClrStall
                0x000000000800731c       0xac ./Drivers/STM32H7xx_HAL_Driver/Src/stm32h7xx_hal_pcd.o
                0x000000000800731c                HAL_PCD_EP_ClrStall
 .text.HAL_PCD_EP_Abort
                0x00000000080073c8       0x62 ./Drivers/STM32H7xx_HAL_Driver/Src/stm32h7xx_hal_pcd.o
                0x00000000080073c8                HAL_PCD_EP_Abort
 .text.PCD_WriteEmptyTxFifo
                0x000000000800742a      0x11a ./Drivers/STM32H7xx_HAL_Driver/Src/stm32h7xx_hal_pcd.o
 .text.PCD_EP_OutXfrComplete_int
                0x0000000008007544      0x1d0 ./Drivers/STM32H7xx_HAL_Driver/Src/stm32h7xx_hal_pcd.o
 .text.PCD_EP_OutSetupPacket_int
                0x0000000008007714       0x8c ./Drivers/STM32H7xx_HAL_Driver/Src/stm32h7xx_hal_pcd.o
 .text.HAL_PCDEx_SetTxFiFo
                0x00000000080077a0       0x8e ./Drivers/STM32H7xx_HAL_Driver/Src/stm32h7xx_hal_pcd_ex.o
                0x00000000080077a0                HAL_PCDEx_SetTxFiFo
 .text.HAL_PCDEx_SetRxFiFo
                0x000000000800782e       0x22 ./Drivers/STM32H7xx_HAL_Driver/Src/stm32h7xx_hal_pcd_ex.o
                0x000000000800782e                HAL_PCDEx_SetRxFiFo
 .text.HAL_PCDEx_ActivateLPM
                0x0000000008007850       0x48 ./Drivers/STM32H7xx_HAL_Driver/Src/stm32h7xx_hal_pcd_ex.o
                0x0000000008007850                HAL_PCDEx_ActivateLPM
 .text.HAL_PCDEx_LPM_Callback
                0x0000000008007898       0x18 ./Drivers/STM32H7xx_HAL_Driver/Src/stm32h7xx_hal_pcd_ex.o
                0x0000000008007898                HAL_PCDEx_LPM_Callback
 .text.HAL_PWREx_ConfigSupply
                0x00000000080078b0       0x74 ./Drivers/STM32H7xx_HAL_Driver/Src/stm32h7xx_hal_pwr_ex.o
                0x00000000080078b0                HAL_PWREx_ConfigSupply
 .text.HAL_PWREx_EnableUSBVoltageDetector
                0x0000000008007924       0x20 ./Drivers/STM32H7xx_HAL_Driver/Src/stm32h7xx_hal_pwr_ex.o
                0x0000000008007924                HAL_PWREx_EnableUSBVoltageDetector
 .text.HAL_RCC_OscConfig
                0x0000000008007944      0x8b4 ./Drivers/STM32H7xx_HAL_Driver/Src/stm32h7xx_hal_rcc.o
                0x0000000008007944                HAL_RCC_OscConfig
 .text.HAL_RCC_ClockConfig
                0x00000000080081f8      0x36c ./Drivers/STM32H7xx_HAL_Driver/Src/stm32h7xx_hal_rcc.o
                0x00000000080081f8                HAL_RCC_ClockConfig
 .text.HAL_RCC_MCOConfig
                0x0000000008008564       0xd4 ./Drivers/STM32H7xx_HAL_Driver/Src/stm32h7xx_hal_rcc.o
                0x0000000008008564                HAL_RCC_MCOConfig
 .text.HAL_RCC_GetSysClockFreq
                0x0000000008008638      0x2f4 ./Drivers/STM32H7xx_HAL_Driver/Src/stm32h7xx_hal_rcc.o
                0x0000000008008638                HAL_RCC_GetSysClockFreq
 .text.HAL_RCC_GetHCLKFreq
                0x000000000800892c       0x60 ./Drivers/STM32H7xx_HAL_Driver/Src/stm32h7xx_hal_rcc.o
                0x000000000800892c                HAL_RCC_GetHCLKFreq
 .text.HAL_RCCEx_PeriphCLKConfig
                0x000000000800898c     0x1414 ./Drivers/STM32H7xx_HAL_Driver/Src/stm32h7xx_hal_rcc_ex.o
                0x000000000800898c                HAL_RCCEx_PeriphCLKConfig
 .text.RCCEx_PLL2_Config
                0x0000000008009da0      0x164 ./Drivers/STM32H7xx_HAL_Driver/Src/stm32h7xx_hal_rcc_ex.o
 .text.RCCEx_PLL3_Config
                0x0000000008009f04      0x164 ./Drivers/STM32H7xx_HAL_Driver/Src/stm32h7xx_hal_rcc_ex.o
 .text.HAL_SPI_Init
                0x000000000800a068      0x248 ./Drivers/STM32H7xx_HAL_Driver/Src/stm32h7xx_hal_spi.o
                0x000000000800a068                HAL_SPI_Init
 .text.HAL_SPI_Transmit
                0x000000000800a2b0      0x3f8 ./Drivers/STM32H7xx_HAL_Driver/Src/stm32h7xx_hal_spi.o
                0x000000000800a2b0                HAL_SPI_Transmit
 .text.HAL_SPI_IRQHandler
                0x000000000800a6a8      0x39c ./Drivers/STM32H7xx_HAL_Driver/Src/stm32h7xx_hal_spi.o
                0x000000000800a6a8                HAL_SPI_IRQHandler
 .text.HAL_SPI_TxCpltCallback
                0x000000000800aa44       0x14 ./Drivers/STM32H7xx_HAL_Driver/Src/stm32h7xx_hal_spi.o
                0x000000000800aa44                HAL_SPI_TxCpltCallback
 .text.HAL_SPI_RxCpltCallback
                0x000000000800aa58       0x14 ./Drivers/STM32H7xx_HAL_Driver/Src/stm32h7xx_hal_spi.o
                0x000000000800aa58                HAL_SPI_RxCpltCallback
 .text.HAL_SPI_TxRxCpltCallback
                0x000000000800aa6c       0x14 ./Drivers/STM32H7xx_HAL_Driver/Src/stm32h7xx_hal_spi.o
                0x000000000800aa6c                HAL_SPI_TxRxCpltCallback
 .text.HAL_SPI_ErrorCallback
                0x000000000800aa80       0x14 ./Drivers/STM32H7xx_HAL_Driver/Src/stm32h7xx_hal_spi.o
                0x000000000800aa80                HAL_SPI_ErrorCallback
 .text.HAL_SPI_SuspendCallback
                0x000000000800aa94       0x14 ./Drivers/STM32H7xx_HAL_Driver/Src/stm32h7xx_hal_spi.o
                0x000000000800aa94                HAL_SPI_SuspendCallback
 .text.SPI_DMAAbortOnError
                0x000000000800aaa8       0x34 ./Drivers/STM32H7xx_HAL_Driver/Src/stm32h7xx_hal_spi.o
 .text.SPI_CloseTransfer
                0x000000000800aadc      0x140 ./Drivers/STM32H7xx_HAL_Driver/Src/stm32h7xx_hal_spi.o
 .text.SPI_WaitOnFlagUntilTimeout
                0x000000000800ac1c       0x5c ./Drivers/STM32H7xx_HAL_Driver/Src/stm32h7xx_hal_spi.o
 .text.SPI_GetPacketSize
                0x000000000800ac78       0x36 ./Drivers/STM32H7xx_HAL_Driver/Src/stm32h7xx_hal_spi.o
 *fill*         0x000000000800acae        0x2 
 .text.USB_CoreInit
                0x000000000800acb0       0xdc ./Drivers/STM32H7xx_HAL_Driver/Src/stm32h7xx_ll_usb.o
                0x000000000800acb0                USB_CoreInit
 .text.USB_SetTurnaroundTime
                0x000000000800ad8c      0x144 ./Drivers/STM32H7xx_HAL_Driver/Src/stm32h7xx_ll_usb.o
                0x000000000800ad8c                USB_SetTurnaroundTime
 .text.USB_EnableGlobalInt
                0x000000000800aed0       0x22 ./Drivers/STM32H7xx_HAL_Driver/Src/stm32h7xx_ll_usb.o
                0x000000000800aed0                USB_EnableGlobalInt
 .text.USB_DisableGlobalInt
                0x000000000800aef2       0x22 ./Drivers/STM32H7xx_HAL_Driver/Src/stm32h7xx_ll_usb.o
                0x000000000800aef2                USB_DisableGlobalInt
 .text.USB_SetCurrentMode
                0x000000000800af14       0x98 ./Drivers/STM32H7xx_HAL_Driver/Src/stm32h7xx_ll_usb.o
                0x000000000800af14                USB_SetCurrentMode
 .text.USB_DevInit
                0x000000000800afac      0x2bc ./Drivers/STM32H7xx_HAL_Driver/Src/stm32h7xx_ll_usb.o
                0x000000000800afac                USB_DevInit
 .text.USB_FlushTxFifo
                0x000000000800b268       0x68 ./Drivers/STM32H7xx_HAL_Driver/Src/stm32h7xx_ll_usb.o
                0x000000000800b268                USB_FlushTxFifo
 .text.USB_FlushRxFifo
                0x000000000800b2d0       0x60 ./Drivers/STM32H7xx_HAL_Driver/Src/stm32h7xx_ll_usb.o
                0x000000000800b2d0                USB_FlushRxFifo
 .text.USB_SetDevSpeed
                0x000000000800b330       0x32 ./Drivers/STM32H7xx_HAL_Driver/Src/stm32h7xx_ll_usb.o
                0x000000000800b330                USB_SetDevSpeed
 .text.USB_GetDevSpeed
                0x000000000800b362       0x4a ./Drivers/STM32H7xx_HAL_Driver/Src/stm32h7xx_ll_usb.o
                0x000000000800b362                USB_GetDevSpeed
 .text.USB_ActivateEndpoint
                0x000000000800b3ac      0x110 ./Drivers/STM32H7xx_HAL_Driver/Src/stm32h7xx_ll_usb.o
                0x000000000800b3ac                USB_ActivateEndpoint
 .text.USB_DeactivateEndpoint
                0x000000000800b4bc      0x1b8 ./Drivers/STM32H7xx_HAL_Driver/Src/stm32h7xx_ll_usb.o
                0x000000000800b4bc                USB_DeactivateEndpoint
 .text.USB_EPStartXfer
                0x000000000800b674      0x540 ./Drivers/STM32H7xx_HAL_Driver/Src/stm32h7xx_ll_usb.o
                0x000000000800b674                USB_EPStartXfer
 .text.USB_EPStopXfer
                0x000000000800bbb4      0x154 ./Drivers/STM32H7xx_HAL_Driver/Src/stm32h7xx_ll_usb.o
                0x000000000800bbb4                USB_EPStopXfer
 .text.USB_WritePacket
                0x000000000800bd08       0x7c ./Drivers/STM32H7xx_HAL_Driver/Src/stm32h7xx_ll_usb.o
                0x000000000800bd08                USB_WritePacket
 .text.USB_ReadPacket
                0x000000000800bd84       0xb0 ./Drivers/STM32H7xx_HAL_Driver/Src/stm32h7xx_ll_usb.o
                0x000000000800bd84                USB_ReadPacket
 .text.USB_EPSetStall
                0x000000000800be34       0xdc ./Drivers/STM32H7xx_HAL_Driver/Src/stm32h7xx_ll_usb.o
                0x000000000800be34                USB_EPSetStall
 .text.USB_EPClearStall
                0x000000000800bf10       0xcc ./Drivers/STM32H7xx_HAL_Driver/Src/stm32h7xx_ll_usb.o
                0x000000000800bf10                USB_EPClearStall
 .text.USB_SetDevAddress
                0x000000000800bfdc       0x4c ./Drivers/STM32H7xx_HAL_Driver/Src/stm32h7xx_ll_usb.o
                0x000000000800bfdc                USB_SetDevAddress
 .text.USB_DevConnect
                0x000000000800c028       0x42 ./Drivers/STM32H7xx_HAL_Driver/Src/stm32h7xx_ll_usb.o
                0x000000000800c028                USB_DevConnect
 .text.USB_DevDisconnect
                0x000000000800c06a       0x42 ./Drivers/STM32H7xx_HAL_Driver/Src/stm32h7xx_ll_usb.o
                0x000000000800c06a                USB_DevDisconnect
 .text.USB_ReadInterrupts
                0x000000000800c0ac       0x26 ./Drivers/STM32H7xx_HAL_Driver/Src/stm32h7xx_ll_usb.o
                0x000000000800c0ac                USB_ReadInterrupts
 .text.USB_ReadDevAllOutEpInterrupt
                0x000000000800c0d2       0x34 ./Drivers/STM32H7xx_HAL_Driver/Src/stm32h7xx_ll_usb.o
                0x000000000800c0d2                USB_ReadDevAllOutEpInterrupt
 .text.USB_ReadDevAllInEpInterrupt
                0x000000000800c106       0x34 ./Drivers/STM32H7xx_HAL_Driver/Src/stm32h7xx_ll_usb.o
                0x000000000800c106                USB_ReadDevAllInEpInterrupt
 .text.USB_ReadDevOutEPInterrupt
                0x000000000800c13a       0x3c ./Drivers/STM32H7xx_HAL_Driver/Src/stm32h7xx_ll_usb.o
                0x000000000800c13a                USB_ReadDevOutEPInterrupt
 .text.USB_ReadDevInEPInterrupt
                0x000000000800c176       0x5c ./Drivers/STM32H7xx_HAL_Driver/Src/stm32h7xx_ll_usb.o
                0x000000000800c176                USB_ReadDevInEPInterrupt
 .text.USB_GetMode
                0x000000000800c1d2       0x1c ./Drivers/STM32H7xx_HAL_Driver/Src/stm32h7xx_ll_usb.o
                0x000000000800c1d2                USB_GetMode
 *fill*         0x000000000800c1ee        0x2 
 .text.USB_ActivateSetup
                0x000000000800c1f0       0x48 ./Drivers/STM32H7xx_HAL_Driver/Src/stm32h7xx_ll_usb.o
                0x000000000800c1f0                USB_ActivateSetup
 .text.USB_EP0_OutStart
                0x000000000800c238       0xbc ./Drivers/STM32H7xx_HAL_Driver/Src/stm32h7xx_ll_usb.o
                0x000000000800c238                USB_EP0_OutStart
 .text.USB_CoreReset
                0x000000000800c2f4       0x68 ./Drivers/STM32H7xx_HAL_Driver/Src/stm32h7xx_ll_usb.o
 .text.USBD_CDC_Init
                0x000000000800c35c      0x1f0 ./Middlewares/ST/STM32_USB_Device_Library/Class/CDC/Src/usbd_cdc.o
 .text.USBD_CDC_DeInit
                0x000000000800c54c      0x104 ./Middlewares/ST/STM32_USB_Device_Library/Class/CDC/Src/usbd_cdc.o
 .text.USBD_CDC_Setup
                0x000000000800c650      0x1b8 ./Middlewares/ST/STM32_USB_Device_Library/Class/CDC/Src/usbd_cdc.o
 .text.USBD_CDC_DataIn
                0x000000000800c808       0xfe ./Middlewares/ST/STM32_USB_Device_Library/Class/CDC/Src/usbd_cdc.o
 .text.USBD_CDC_DataOut
                0x000000000800c906       0x70 ./Middlewares/ST/STM32_USB_Device_Library/Class/CDC/Src/usbd_cdc.o
 .text.USBD_CDC_EP0_RxReady
                0x000000000800c976       0x76 ./Middlewares/ST/STM32_USB_Device_Library/Class/CDC/Src/usbd_cdc.o
 .text.USBD_CDC_GetFSCfgDesc
                0x000000000800c9ec       0x70 ./Middlewares/ST/STM32_USB_Device_Library/Class/CDC/Src/usbd_cdc.o
 .text.USBD_CDC_GetHSCfgDesc
                0x000000000800ca5c       0x70 ./Middlewares/ST/STM32_USB_Device_Library/Class/CDC/Src/usbd_cdc.o
 .text.USBD_CDC_GetOtherSpeedCfgDesc
                0x000000000800cacc       0x70 ./Middlewares/ST/STM32_USB_Device_Library/Class/CDC/Src/usbd_cdc.o
 .text.USBD_CDC_GetDeviceQualifierDescriptor
                0x000000000800cb3c       0x20 ./Middlewares/ST/STM32_USB_Device_Library/Class/CDC/Src/usbd_cdc.o
                0x000000000800cb3c                USBD_CDC_GetDeviceQualifierDescriptor
 .text.USBD_CDC_RegisterInterface
                0x000000000800cb5c       0x34 ./Middlewares/ST/STM32_USB_Device_Library/Class/CDC/Src/usbd_cdc.o
                0x000000000800cb5c                USBD_CDC_RegisterInterface
 .text.USBD_CDC_SetTxBuffer
                0x000000000800cb90       0x44 ./Middlewares/ST/STM32_USB_Device_Library/Class/CDC/Src/usbd_cdc.o
                0x000000000800cb90                USBD_CDC_SetTxBuffer
 .text.USBD_CDC_SetRxBuffer
                0x000000000800cbd4       0x3a ./Middlewares/ST/STM32_USB_Device_Library/Class/CDC/Src/usbd_cdc.o
                0x000000000800cbd4                USBD_CDC_SetRxBuffer
 *fill*         0x000000000800cc0e        0x2 
 .text.USBD_CDC_TransmitPacket
                0x000000000800cc10       0x80 ./Middlewares/ST/STM32_USB_Device_Library/Class/CDC/Src/usbd_cdc.o
                0x000000000800cc10                USBD_CDC_TransmitPacket
 .text.USBD_CDC_ReceivePacket
                0x000000000800cc90       0x6c ./Middlewares/ST/STM32_USB_Device_Library/Class/CDC/Src/usbd_cdc.o
                0x000000000800cc90                USBD_CDC_ReceivePacket
 .text.USBD_Init
                0x000000000800ccfc       0x60 ./Middlewares/ST/STM32_USB_Device_Library/Core/Src/usbd_core.o
                0x000000000800ccfc                USBD_Init
 .text.USBD_RegisterClass
                0x000000000800cd5c       0x6c ./Middlewares/ST/STM32_USB_Device_Library/Core/Src/usbd_core.o
                0x000000000800cd5c                USBD_RegisterClass
 .text.USBD_Start
                0x000000000800cdc8       0x18 ./Middlewares/ST/STM32_USB_Device_Library/Core/Src/usbd_core.o
                0x000000000800cdc8                USBD_Start
 .text.USBD_RunTestMode
                0x000000000800cde0       0x16 ./Middlewares/ST/STM32_USB_Device_Library/Core/Src/usbd_core.o
                0x000000000800cde0                USBD_RunTestMode
 .text.USBD_SetClassConfig
                0x000000000800cdf6       0x38 ./Middlewares/ST/STM32_USB_Device_Library/Core/Src/usbd_core.o
                0x000000000800cdf6                USBD_SetClassConfig
 .text.USBD_ClrClassConfig
                0x000000000800ce2e       0x34 ./Middlewares/ST/STM32_USB_Device_Library/Core/Src/usbd_core.o
                0x000000000800ce2e                USBD_ClrClassConfig
 .text.USBD_LL_SetupStage
                0x000000000800ce62       0xaa ./Middlewares/ST/STM32_USB_Device_Library/Core/Src/usbd_core.o
                0x000000000800ce62                USBD_LL_SetupStage
 .text.USBD_LL_DataOutStage
                0x000000000800cf0c      0x166 ./Middlewares/ST/STM32_USB_Device_Library/Core/Src/usbd_core.o
                0x000000000800cf0c                USBD_LL_DataOutStage
 .text.USBD_LL_DataInStage
                0x000000000800d072      0x164 ./Middlewares/ST/STM32_USB_Device_Library/Core/Src/usbd_core.o
                0x000000000800d072                USBD_LL_DataInStage
 .text.USBD_LL_Reset
                0x000000000800d1d6       0xa4 ./Middlewares/ST/STM32_USB_Device_Library/Core/Src/usbd_core.o
                0x000000000800d1d6                USBD_LL_Reset
 .text.USBD_LL_SetSpeed
                0x000000000800d27a       0x20 ./Middlewares/ST/STM32_USB_Device_Library/Core/Src/usbd_core.o
                0x000000000800d27a                USBD_LL_SetSpeed
 .text.USBD_LL_Suspend
                0x000000000800d29a       0x38 ./Middlewares/ST/STM32_USB_Device_Library/Core/Src/usbd_core.o
                0x000000000800d29a                USBD_LL_Suspend
 .text.USBD_LL_Resume
                0x000000000800d2d2       0x30 ./Middlewares/ST/STM32_USB_Device_Library/Core/Src/usbd_core.o
                0x000000000800d2d2                USBD_LL_Resume
 .text.USBD_LL_SOF
                0x000000000800d302       0x40 ./Middlewares/ST/STM32_USB_Device_Library/Core/Src/usbd_core.o
                0x000000000800d302                USBD_LL_SOF
 .text.USBD_LL_IsoINIncomplete
                0x000000000800d342       0x64 ./Middlewares/ST/STM32_USB_Device_Library/Core/Src/usbd_core.o
                0x000000000800d342                USBD_LL_IsoINIncomplete
 .text.USBD_LL_IsoOUTIncomplete
                0x000000000800d3a6       0x64 ./Middlewares/ST/STM32_USB_Device_Library/Core/Src/usbd_core.o
                0x000000000800d3a6                USBD_LL_IsoOUTIncomplete
 .text.USBD_LL_DevConnected
                0x000000000800d40a       0x16 ./Middlewares/ST/STM32_USB_Device_Library/Core/Src/usbd_core.o
                0x000000000800d40a                USBD_LL_DevConnected
 .text.USBD_LL_DevDisconnected
                0x000000000800d420       0x46 ./Middlewares/ST/STM32_USB_Device_Library/Core/Src/usbd_core.o
                0x000000000800d420                USBD_LL_DevDisconnected
 .text.USBD_CoreFindIF
                0x000000000800d466       0x1a ./Middlewares/ST/STM32_USB_Device_Library/Core/Src/usbd_core.o
                0x000000000800d466                USBD_CoreFindIF
 .text.USBD_CoreFindEP
                0x000000000800d480       0x1a ./Middlewares/ST/STM32_USB_Device_Library/Core/Src/usbd_core.o
                0x000000000800d480                USBD_CoreFindEP
 .text.USBD_GetEpDesc
                0x000000000800d49a       0x74 ./Middlewares/ST/STM32_USB_Device_Library/Core/Src/usbd_core.o
                0x000000000800d49a                USBD_GetEpDesc
 .text.USBD_GetNextDesc
                0x000000000800d50e       0x3a ./Middlewares/ST/STM32_USB_Device_Library/Core/Src/usbd_core.o
                0x000000000800d50e                USBD_GetNextDesc
 .text.SWAPBYTE
                0x000000000800d548       0x3c ./Middlewares/ST/STM32_USB_Device_Library/Core/Src/usbd_ctlreq.o
 .text.USBD_StdDevReq
                0x000000000800d584       0xe4 ./Middlewares/ST/STM32_USB_Device_Library/Core/Src/usbd_ctlreq.o
                0x000000000800d584                USBD_StdDevReq
 .text.USBD_StdItfReq
                0x000000000800d668       0xd8 ./Middlewares/ST/STM32_USB_Device_Library/Core/Src/usbd_ctlreq.o
                0x000000000800d668                USBD_StdItfReq
 .text.USBD_StdEPReq
                0x000000000800d740      0x33a ./Middlewares/ST/STM32_USB_Device_Library/Core/Src/usbd_ctlreq.o
                0x000000000800d740                USBD_StdEPReq
 *fill*         0x000000000800da7a        0x2 
 .text.USBD_GetDescriptor
                0x000000000800da7c      0x328 ./Middlewares/ST/STM32_USB_Device_Library/Core/Src/usbd_ctlreq.o
 .text.USBD_SetAddress
                0x000000000800dda4       0x88 ./Middlewares/ST/STM32_USB_Device_Library/Core/Src/usbd_ctlreq.o
 .text.USBD_SetConfig
                0x000000000800de2c      0x154 ./Middlewares/ST/STM32_USB_Device_Library/Core/Src/usbd_ctlreq.o
 .text.USBD_GetConfig
                0x000000000800df80       0x6c ./Middlewares/ST/STM32_USB_Device_Library/Core/Src/usbd_ctlreq.o
 .text.USBD_GetStatus
                0x000000000800dfec       0x68 ./Middlewares/ST/STM32_USB_Device_Library/Core/Src/usbd_ctlreq.o
 .text.USBD_SetFeature
                0x000000000800e054       0x52 ./Middlewares/ST/STM32_USB_Device_Library/Core/Src/usbd_ctlreq.o
 .text.USBD_ClrFeature
                0x000000000800e0a6       0x44 ./Middlewares/ST/STM32_USB_Device_Library/Core/Src/usbd_ctlreq.o
 .text.USBD_ParseSetupRequest
                0x000000000800e0ea       0x74 ./Middlewares/ST/STM32_USB_Device_Library/Core/Src/usbd_ctlreq.o
                0x000000000800e0ea                USBD_ParseSetupRequest
 .text.USBD_CtlError
                0x000000000800e15e       0x22 ./Middlewares/ST/STM32_USB_Device_Library/Core/Src/usbd_ctlreq.o
                0x000000000800e15e                USBD_CtlError
 .text.USBD_GetString
                0x000000000800e180       0x8c ./Middlewares/ST/STM32_USB_Device_Library/Core/Src/usbd_ctlreq.o
                0x000000000800e180                USBD_GetString
 .text.USBD_GetLen
                0x000000000800e20c       0x34 ./Middlewares/ST/STM32_USB_Device_Library/Core/Src/usbd_ctlreq.o
 .text.USBD_CtlSendData
                0x000000000800e240       0x36 ./Middlewares/ST/STM32_USB_Device_Library/Core/Src/usbd_ioreq.o
                0x000000000800e240                USBD_CtlSendData
 .text.USBD_CtlContinueSendData
                0x000000000800e276       0x22 ./Middlewares/ST/STM32_USB_Device_Library/Core/Src/usbd_ioreq.o
                0x000000000800e276                USBD_CtlContinueSendData
 .text.USBD_CtlPrepareRx
                0x000000000800e298       0x3a ./Middlewares/ST/STM32_USB_Device_Library/Core/Src/usbd_ioreq.o
                0x000000000800e298                USBD_CtlPrepareRx
 .text.USBD_CtlContinueRx
                0x000000000800e2d2       0x22 ./Middlewares/ST/STM32_USB_Device_Library/Core/Src/usbd_ioreq.o
                0x000000000800e2d2                USBD_CtlContinueRx
 .text.USBD_CtlSendStatus
                0x000000000800e2f4       0x26 ./Middlewares/ST/STM32_USB_Device_Library/Core/Src/usbd_ioreq.o
                0x000000000800e2f4                USBD_CtlSendStatus
 .text.USBD_CtlReceiveStatus
                0x000000000800e31a       0x26 ./Middlewares/ST/STM32_USB_Device_Library/Core/Src/usbd_ioreq.o
                0x000000000800e31a                USBD_CtlReceiveStatus
 .text.lcd_display_image
                0x000000000800e340       0x38 ./SPI_LCD/lcd_display.o
                0x000000000800e340                lcd_display_image
 .text.lcd_init
                0x000000000800e378       0x50 ./SPI_LCD/lcd_display.o
                0x000000000800e378                lcd_init
 .text.ST7735_Reset
                0x000000000800e3c8       0x30 ./SPI_LCD/st7735.o
                0x000000000800e3c8                ST7735_Reset
 .text.ST7735_WriteCommand
                0x000000000800e3f8       0x50 ./SPI_LCD/st7735.o
                0x000000000800e3f8                ST7735_WriteCommand
 .text.ST7735_WriteData
                0x000000000800e448       0x50 ./SPI_LCD/st7735.o
                0x000000000800e448                ST7735_WriteData
 .text.ST7735_WriteBuf
                0x000000000800e498       0x50 ./SPI_LCD/st7735.o
                0x000000000800e498                ST7735_WriteBuf
 .text.ST7735_SetRotation
                0x000000000800e4e8       0x5c ./SPI_LCD/st7735.o
                0x000000000800e4e8                ST7735_SetRotation
 .text.ST7735_Init
                0x000000000800e544      0x224 ./SPI_LCD/st7735.o
                0x000000000800e544                ST7735_Init
 .text.ST7735_SetAddressWindow
                0x000000000800e768       0x6a ./SPI_LCD/st7735.o
                0x000000000800e768                ST7735_SetAddressWindow
 .text.ST7735_DrawRectangle
                0x000000000800e7d2       0x8e ./SPI_LCD/st7735.o
                0x000000000800e7d2                ST7735_DrawRectangle
 .text.ST7735_FillScreen
                0x000000000800e860       0x22 ./SPI_LCD/st7735.o
                0x000000000800e860                ST7735_FillScreen
 *fill*         0x000000000800e882        0x2 
 .text.ST7735_DrawImage
                0x000000000800e884      0x18c ./SPI_LCD/st7735.o
                0x000000000800e884                ST7735_DrawImage
 .text.MX_USB_DEVICE_Init
                0x000000000800ea10       0x64 ./USB_DEVICE/App/usb_device.o
                0x000000000800ea10                MX_USB_DEVICE_Init
 .text.CDC_Init_FS
                0x000000000800ea74       0x28 ./USB_DEVICE/App/usbd_cdc_if.o
 .text.CDC_DeInit_FS
                0x000000000800ea9c       0x10 ./USB_DEVICE/App/usbd_cdc_if.o
 .text.CDC_Control_FS
                0x000000000800eaac       0xbc ./USB_DEVICE/App/usbd_cdc_if.o
 .text.CDC_Receive_FS
                0x000000000800eb68       0x28 ./USB_DEVICE/App/usbd_cdc_if.o
 .text.CDC_Transmit_FS
                0x000000000800eb90       0x4c ./USB_DEVICE/App/usbd_cdc_if.o
                0x000000000800eb90                CDC_Transmit_FS
 .text.CDC_TransmitCplt_FS
                0x000000000800ebdc       0x22 ./USB_DEVICE/App/usbd_cdc_if.o
 *fill*         0x000000000800ebfe        0x2 
 .text.USBD_FS_DeviceDescriptor
                0x000000000800ec00       0x24 ./USB_DEVICE/App/usbd_desc.o
                0x000000000800ec00                USBD_FS_DeviceDescriptor
 .text.USBD_FS_LangIDStrDescriptor
                0x000000000800ec24       0x24 ./USB_DEVICE/App/usbd_desc.o
                0x000000000800ec24                USBD_FS_LangIDStrDescriptor
 .text.USBD_FS_ProductStrDescriptor
                0x000000000800ec48       0x3c ./USB_DEVICE/App/usbd_desc.o
                0x000000000800ec48                USBD_FS_ProductStrDescriptor
 .text.USBD_FS_ManufacturerStrDescriptor
                0x000000000800ec84       0x28 ./USB_DEVICE/App/usbd_desc.o
                0x000000000800ec84                USBD_FS_ManufacturerStrDescriptor
 .text.USBD_FS_SerialStrDescriptor
                0x000000000800ecac       0x24 ./USB_DEVICE/App/usbd_desc.o
                0x000000000800ecac                USBD_FS_SerialStrDescriptor
 .text.USBD_FS_ConfigStrDescriptor
                0x000000000800ecd0       0x3c ./USB_DEVICE/App/usbd_desc.o
                0x000000000800ecd0                USBD_FS_ConfigStrDescriptor
 .text.USBD_FS_InterfaceStrDescriptor
                0x000000000800ed0c       0x3c ./USB_DEVICE/App/usbd_desc.o
                0x000000000800ed0c                USBD_FS_InterfaceStrDescriptor
 .text.Get_SerialNum
                0x000000000800ed48       0x58 ./USB_DEVICE/App/usbd_desc.o
 .text.IntToUnicode
                0x000000000800eda0       0x7e ./USB_DEVICE/App/usbd_desc.o
 *fill*         0x000000000800ee1e        0x2 
 .text.HAL_PCD_MspInit
                0x000000000800ee20       0xe8 ./USB_DEVICE/Target/usbd_conf.o
                0x000000000800ee20                HAL_PCD_MspInit
 .text.HAL_PCD_SetupStageCallback
                0x000000000800ef08       0x24 ./USB_DEVICE/Target/usbd_conf.o
                0x000000000800ef08                HAL_PCD_SetupStageCallback
 .text.HAL_PCD_DataOutStageCallback
                0x000000000800ef2c       0x36 ./USB_DEVICE/Target/usbd_conf.o
                0x000000000800ef2c                HAL_PCD_DataOutStageCallback
 .text.HAL_PCD_DataInStageCallback
                0x000000000800ef62       0x34 ./USB_DEVICE/Target/usbd_conf.o
                0x000000000800ef62                HAL_PCD_DataInStageCallback
 .text.HAL_PCD_SOFCallback
                0x000000000800ef96       0x1c ./USB_DEVICE/Target/usbd_conf.o
                0x000000000800ef96                HAL_PCD_SOFCallback
 .text.HAL_PCD_ResetCallback
                0x000000000800efb2       0x50 ./USB_DEVICE/Target/usbd_conf.o
                0x000000000800efb2                HAL_PCD_ResetCallback
 *fill*         0x000000000800f002        0x2 
 .text.HAL_PCD_SuspendCallback
                0x000000000800f004       0x4c ./USB_DEVICE/Target/usbd_conf.o
                0x000000000800f004                HAL_PCD_SuspendCallback
 .text.HAL_PCD_ResumeCallback
                0x000000000800f050       0x1c ./USB_DEVICE/Target/usbd_conf.o
                0x000000000800f050                HAL_PCD_ResumeCallback
 .text.HAL_PCD_ISOOUTIncompleteCallback
                0x000000000800f06c       0x24 ./USB_DEVICE/Target/usbd_conf.o
                0x000000000800f06c                HAL_PCD_ISOOUTIncompleteCallback
 .text.HAL_PCD_ISOINIncompleteCallback
                0x000000000800f090       0x24 ./USB_DEVICE/Target/usbd_conf.o
                0x000000000800f090                HAL_PCD_ISOINIncompleteCallback
 .text.HAL_PCD_ConnectCallback
                0x000000000800f0b4       0x1c ./USB_DEVICE/Target/usbd_conf.o
                0x000000000800f0b4                HAL_PCD_ConnectCallback
 .text.HAL_PCD_DisconnectCallback
                0x000000000800f0d0       0x1c ./USB_DEVICE/Target/usbd_conf.o
                0x000000000800f0d0                HAL_PCD_DisconnectCallback
 .text.USBD_LL_Init
                0x000000000800f0ec       0xa0 ./USB_DEVICE/Target/usbd_conf.o
                0x000000000800f0ec                USBD_LL_Init
 .text.USBD_LL_Start
                0x000000000800f18c       0x36 ./USB_DEVICE/Target/usbd_conf.o
                0x000000000800f18c                USBD_LL_Start
 .text.USBD_LL_OpenEP
                0x000000000800f1c2       0x4c ./USB_DEVICE/Target/usbd_conf.o
                0x000000000800f1c2                USBD_LL_OpenEP
 .text.USBD_LL_CloseEP
                0x000000000800f20e       0x3e ./USB_DEVICE/Target/usbd_conf.o
                0x000000000800f20e                USBD_LL_CloseEP
 .text.USBD_LL_StallEP
                0x000000000800f24c       0x3e ./USB_DEVICE/Target/usbd_conf.o
                0x000000000800f24c                USBD_LL_StallEP
 .text.USBD_LL_ClearStallEP
                0x000000000800f28a       0x3e ./USB_DEVICE/Target/usbd_conf.o
                0x000000000800f28a                USBD_LL_ClearStallEP
 .text.USBD_LL_IsStallEP
                0x000000000800f2c8       0x58 ./USB_DEVICE/Target/usbd_conf.o
                0x000000000800f2c8                USBD_LL_IsStallEP
 .text.USBD_LL_SetUSBAddress
                0x000000000800f320       0x3e ./USB_DEVICE/Target/usbd_conf.o
                0x000000000800f320                USBD_LL_SetUSBAddress
 .text.USBD_LL_Transmit
                0x000000000800f35e       0x42 ./USB_DEVICE/Target/usbd_conf.o
                0x000000000800f35e                USBD_LL_Transmit
 .text.USBD_LL_PrepareReceive
                0x000000000800f3a0       0x42 ./USB_DEVICE/Target/usbd_conf.o
                0x000000000800f3a0                USBD_LL_PrepareReceive
 .text.USBD_LL_GetRxDataSize
                0x000000000800f3e2       0x26 ./USB_DEVICE/Target/usbd_conf.o
                0x000000000800f3e2                USBD_LL_GetRxDataSize
 .text.USBD_static_malloc
                0x000000000800f408       0x1c ./USB_DEVICE/Target/usbd_conf.o
                0x000000000800f408                USBD_static_malloc
 .text.USBD_static_free
                0x000000000800f424       0x14 ./USB_DEVICE/Target/usbd_conf.o
                0x000000000800f424                USBD_static_free
 .text.USBD_Get_USB_Status
                0x000000000800f438       0x58 ./USB_DEVICE/Target/usbd_conf.o
                0x000000000800f438                USBD_Get_USB_Status
 .text.camera_RGB565_init
                0x000000000800f490       0xcc ./camera/camera_run.o
                0x000000000800f490                camera_RGB565_init
 .text.HAL_DCMI_FrameEventCallback
                0x000000000800f55c       0x28 ./camera/camera_run.o
                0x000000000800f55c                HAL_DCMI_FrameEventCallback
 .text.ov5640_dcmi_start
                0x000000000800f584       0xa4 ./camera/camera_run.o
                0x000000000800f584                ov5640_dcmi_start
 .text.TFT_LCD_RGB565_run
                0x000000000800f628       0x3c ./camera/camera_run.o
                0x000000000800f628                TFT_LCD_RGB565_run
 .text.ov5640_write_reg
                0x000000000800f664       0x24 ./camera/ov5640.o
 .text.ov5640_read_reg
                0x000000000800f688       0x26 ./camera/ov5640.o
 *fill*         0x000000000800f6ae        0x2 
 .text.ov5640_hw_init
                0x000000000800f6b0       0x28 ./camera/ov5640.o
 .text.ov5640_exit_power_down
                0x000000000800f6d8       0x44 ./camera/ov5640.o
 .text.ov5640_hw_reset
                0x000000000800f71c       0x30 ./camera/ov5640.o
 .text.ov5640_sw_reset
                0x000000000800f74c       0x3e ./camera/ov5640.o
 .text.ov5640_get_chip_id
                0x000000000800f78a       0x32 ./camera/ov5640.o
 .text.ov5640_init_reg
                0x000000000800f7bc       0x68 ./camera/ov5640.o
 .text.ov5640_get_output_size
                0x000000000800f824       0x88 ./camera/ov5640.o
 .text.ov5640_set_light_mode
                0x000000000800f8ac      0x270 ./camera/ov5640.o
                0x000000000800f8ac                ov5640_set_light_mode
 .text.ov5640_set_color_saturation
                0x000000000800fb1c      0x220 ./camera/ov5640.o
                0x000000000800fb1c                ov5640_set_color_saturation
 .text.ov5640_set_brightness
                0x000000000800fd3c      0x1c4 ./camera/ov5640.o
                0x000000000800fd3c                ov5640_set_brightness
 .text.ov5640_set_contrast
                0x000000000800ff00      0x23c ./camera/ov5640.o
                0x000000000800ff00                ov5640_set_contrast
 .text.ov5640_set_hue
                0x000000000801013c      0x2c8 ./camera/ov5640.o
                0x000000000801013c                ov5640_set_hue
 .text.ov5640_set_special_effect
                0x0000000008010404      0x140 ./camera/ov5640.o
                0x0000000008010404                ov5640_set_special_effect
 .text.ov5640_set_exposure_level
                0x0000000008010544      0x2fc ./camera/ov5640.o
                0x0000000008010544                ov5640_set_exposure_level
 .text.ov5640_set_sharpness_level
                0x0000000008010840      0x170 ./camera/ov5640.o
                0x0000000008010840                ov5640_set_sharpness_level
 .text.ov5640_set_output_format
                0x00000000080109b0       0xc4 ./camera/ov5640.o
                0x00000000080109b0                ov5640_set_output_format
 .text.ov5640_set_output_size
                0x0000000008010a74       0xcc ./camera/ov5640.o
                0x0000000008010a74                ov5640_set_output_size
 .text.ov5640_init
                0x0000000008010b40       0x58 ./camera/ov5640.o
                0x0000000008010b40                ov5640_init
 .text.I2C1_WriteReg
                0x0000000008010b98       0x48 ./user_bsp/IIC_bus.o
 .text.I2C1_ReadReg
                0x0000000008010be0       0x48 ./user_bsp/IIC_bus.o
 .text.BSP_I2C2_WriteReg16
                0x0000000008010c28       0x3a ./user_bsp/IIC_bus.o
                0x0000000008010c28                BSP_I2C2_WriteReg16
 .text.BSP_I2C2_ReadReg16
                0x0000000008010c62       0x3a ./user_bsp/IIC_bus.o
                0x0000000008010c62                BSP_I2C2_ReadReg16
 .text.usb_printf
                0x0000000008010c9c       0x4a ./user_bsp/usb_bsp.o
                0x0000000008010c9c                usb_printf
 *fill*         0x0000000008010ce6        0x2 
 .text.std      0x0000000008010ce8       0x48 D:/ST/STM32CubeIDE_1.13.1/STM32CubeIDE/plugins/com.st.stm32cube.ide.mcu.externaltools.gnu-tools-for-stm32.11.3.rel1.win32_1.1.0.202305231506/tools/bin/../lib/gcc/arm-none-eabi/11.3.1/../../../../arm-none-eabi/lib/thumb/v7e-m+dp/hard\libc_nano.a(libc_a-findfp.o)
 .text.stdio_exit_handler
                0x0000000008010d30       0x18 D:/ST/STM32CubeIDE_1.13.1/STM32CubeIDE/plugins/com.st.stm32cube.ide.mcu.externaltools.gnu-tools-for-stm32.11.3.rel1.win32_1.1.0.202305231506/tools/bin/../lib/gcc/arm-none-eabi/11.3.1/../../../../arm-none-eabi/lib/thumb/v7e-m+dp/hard\libc_nano.a(libc_a-findfp.o)
 .text.cleanup_stdio
                0x0000000008010d48       0x40 D:/ST/STM32CubeIDE_1.13.1/STM32CubeIDE/plugins/com.st.stm32cube.ide.mcu.externaltools.gnu-tools-for-stm32.11.3.rel1.win32_1.1.0.202305231506/tools/bin/../lib/gcc/arm-none-eabi/11.3.1/../../../../arm-none-eabi/lib/thumb/v7e-m+dp/hard\libc_nano.a(libc_a-findfp.o)
 .text.global_stdio_init.part.0
                0x0000000008010d88       0x3c D:/ST/STM32CubeIDE_1.13.1/STM32CubeIDE/plugins/com.st.stm32cube.ide.mcu.externaltools.gnu-tools-for-stm32.11.3.rel1.win32_1.1.0.202305231506/tools/bin/../lib/gcc/arm-none-eabi/11.3.1/../../../../arm-none-eabi/lib/thumb/v7e-m+dp/hard\libc_nano.a(libc_a-findfp.o)
 .text.__sfp_lock_acquire
                0x0000000008010dc4        0xc D:/ST/STM32CubeIDE_1.13.1/STM32CubeIDE/plugins/com.st.stm32cube.ide.mcu.externaltools.gnu-tools-for-stm32.11.3.rel1.win32_1.1.0.202305231506/tools/bin/../lib/gcc/arm-none-eabi/11.3.1/../../../../arm-none-eabi/lib/thumb/v7e-m+dp/hard\libc_nano.a(libc_a-findfp.o)
                0x0000000008010dc4                __sfp_lock_acquire
 .text.__sfp_lock_release
                0x0000000008010dd0        0xc D:/ST/STM32CubeIDE_1.13.1/STM32CubeIDE/plugins/com.st.stm32cube.ide.mcu.externaltools.gnu-tools-for-stm32.11.3.rel1.win32_1.1.0.202305231506/tools/bin/../lib/gcc/arm-none-eabi/11.3.1/../../../../arm-none-eabi/lib/thumb/v7e-m+dp/hard\libc_nano.a(libc_a-findfp.o)
                0x0000000008010dd0                __sfp_lock_release
 .text.__sinit  0x0000000008010ddc       0x30 D:/ST/STM32CubeIDE_1.13.1/STM32CubeIDE/plugins/com.st.stm32cube.ide.mcu.externaltools.gnu-tools-for-stm32.11.3.rel1.win32_1.1.0.202305231506/tools/bin/../lib/gcc/arm-none-eabi/11.3.1/../../../../arm-none-eabi/lib/thumb/v7e-m+dp/hard\libc_nano.a(libc_a-findfp.o)
                0x0000000008010ddc                __sinit
 .text._fwalk_sglue
                0x0000000008010e0c       0x3c D:/ST/STM32CubeIDE_1.13.1/STM32CubeIDE/plugins/com.st.stm32cube.ide.mcu.externaltools.gnu-tools-for-stm32.11.3.rel1.win32_1.1.0.202305231506/tools/bin/../lib/gcc/arm-none-eabi/11.3.1/../../../../arm-none-eabi/lib/thumb/v7e-m+dp/hard\libc_nano.a(libc_a-fwalk.o)
                0x0000000008010e0c                _fwalk_sglue
 .text._puts_r  0x0000000008010e48       0xa8 D:/ST/STM32CubeIDE_1.13.1/STM32CubeIDE/plugins/com.st.stm32cube.ide.mcu.externaltools.gnu-tools-for-stm32.11.3.rel1.win32_1.1.0.202305231506/tools/bin/../lib/gcc/arm-none-eabi/11.3.1/../../../../arm-none-eabi/lib/thumb/v7e-m+dp/hard\libc_nano.a(libc_a-puts.o)
                0x0000000008010e48                _puts_r
 .text.puts     0x0000000008010ef0       0x10 D:/ST/STM32CubeIDE_1.13.1/STM32CubeIDE/plugins/com.st.stm32cube.ide.mcu.externaltools.gnu-tools-for-stm32.11.3.rel1.win32_1.1.0.202305231506/tools/bin/../lib/gcc/arm-none-eabi/11.3.1/../../../../arm-none-eabi/lib/thumb/v7e-m+dp/hard\libc_nano.a(libc_a-puts.o)
                0x0000000008010ef0                puts
 .text.__sread  0x0000000008010f00       0x22 D:/ST/STM32CubeIDE_1.13.1/STM32CubeIDE/plugins/com.st.stm32cube.ide.mcu.externaltools.gnu-tools-for-stm32.11.3.rel1.win32_1.1.0.202305231506/tools/bin/../lib/gcc/arm-none-eabi/11.3.1/../../../../arm-none-eabi/lib/thumb/v7e-m+dp/hard\libc_nano.a(libc_a-stdio.o)
                0x0000000008010f00                __sread
 .text.__swrite
                0x0000000008010f22       0x38 D:/ST/STM32CubeIDE_1.13.1/STM32CubeIDE/plugins/com.st.stm32cube.ide.mcu.externaltools.gnu-tools-for-stm32.11.3.rel1.win32_1.1.0.202305231506/tools/bin/../lib/gcc/arm-none-eabi/11.3.1/../../../../arm-none-eabi/lib/thumb/v7e-m+dp/hard\libc_nano.a(libc_a-stdio.o)
                0x0000000008010f22                __swrite
 .text.__sseek  0x0000000008010f5a       0x24 D:/ST/STM32CubeIDE_1.13.1/STM32CubeIDE/plugins/com.st.stm32cube.ide.mcu.externaltools.gnu-tools-for-stm32.11.3.rel1.win32_1.1.0.202305231506/tools/bin/../lib/gcc/arm-none-eabi/11.3.1/../../../../arm-none-eabi/lib/thumb/v7e-m+dp/hard\libc_nano.a(libc_a-stdio.o)
                0x0000000008010f5a                __sseek
 .text.__sclose
                0x0000000008010f7e        0x8 D:/ST/STM32CubeIDE_1.13.1/STM32CubeIDE/plugins/com.st.stm32cube.ide.mcu.externaltools.gnu-tools-for-stm32.11.3.rel1.win32_1.1.0.202305231506/tools/bin/../lib/gcc/arm-none-eabi/11.3.1/../../../../arm-none-eabi/lib/thumb/v7e-m+dp/hard\libc_nano.a(libc_a-stdio.o)
                0x0000000008010f7e                __sclose
 .text._vsnprintf_r
                0x0000000008010f86       0x56 D:/ST/STM32CubeIDE_1.13.1/STM32CubeIDE/plugins/com.st.stm32cube.ide.mcu.externaltools.gnu-tools-for-stm32.11.3.rel1.win32_1.1.0.202305231506/tools/bin/../lib/gcc/arm-none-eabi/11.3.1/../../../../arm-none-eabi/lib/thumb/v7e-m+dp/hard\libc_nano.a(libc_a-vsnprintf.o)
                0x0000000008010f86                _vsniprintf_r
                0x0000000008010f86                _vsnprintf_r
 .text.vsnprintf
                0x0000000008010fdc       0x1c D:/ST/STM32CubeIDE_1.13.1/STM32CubeIDE/plugins/com.st.stm32cube.ide.mcu.externaltools.gnu-tools-for-stm32.11.3.rel1.win32_1.1.0.202305231506/tools/bin/../lib/gcc/arm-none-eabi/11.3.1/../../../../arm-none-eabi/lib/thumb/v7e-m+dp/hard\libc_nano.a(libc_a-vsnprintf.o)
                0x0000000008010fdc                vsniprintf
                0x0000000008010fdc                vsnprintf
 .text.__swbuf_r
                0x0000000008010ff8       0x7a D:/ST/STM32CubeIDE_1.13.1/STM32CubeIDE/plugins/com.st.stm32cube.ide.mcu.externaltools.gnu-tools-for-stm32.11.3.rel1.win32_1.1.0.202305231506/tools/bin/../lib/gcc/arm-none-eabi/11.3.1/../../../../arm-none-eabi/lib/thumb/v7e-m+dp/hard\libc_nano.a(libc_a-wbuf.o)
                0x0000000008010ff8                __swbuf_r
 *fill*         0x0000000008011072        0x2 
 .text.__swsetup_r
                0x0000000008011074       0xb0 D:/ST/STM32CubeIDE_1.13.1/STM32CubeIDE/plugins/com.st.stm32cube.ide.mcu.externaltools.gnu-tools-for-stm32.11.3.rel1.win32_1.1.0.202305231506/tools/bin/../lib/gcc/arm-none-eabi/11.3.1/../../../../arm-none-eabi/lib/thumb/v7e-m+dp/hard\libc_nano.a(libc_a-wsetup.o)
                0x0000000008011074                __swsetup_r
 .text.memset   0x0000000008011124       0x10 D:/ST/STM32CubeIDE_1.13.1/STM32CubeIDE/plugins/com.st.stm32cube.ide.mcu.externaltools.gnu-tools-for-stm32.11.3.rel1.win32_1.1.0.202305231506/tools/bin/../lib/gcc/arm-none-eabi/11.3.1/../../../../arm-none-eabi/lib/thumb/v7e-m+dp/hard\libc_nano.a(libc_a-memset.o)
                0x0000000008011124                memset
 .text._close_r
                0x0000000008011134       0x20 D:/ST/STM32CubeIDE_1.13.1/STM32CubeIDE/plugins/com.st.stm32cube.ide.mcu.externaltools.gnu-tools-for-stm32.11.3.rel1.win32_1.1.0.202305231506/tools/bin/../lib/gcc/arm-none-eabi/11.3.1/../../../../arm-none-eabi/lib/thumb/v7e-m+dp/hard\libc_nano.a(libc_a-closer.o)
                0x0000000008011134                _close_r
 .text._lseek_r
                0x0000000008011154       0x24 D:/ST/STM32CubeIDE_1.13.1/STM32CubeIDE/plugins/com.st.stm32cube.ide.mcu.externaltools.gnu-tools-for-stm32.11.3.rel1.win32_1.1.0.202305231506/tools/bin/../lib/gcc/arm-none-eabi/11.3.1/../../../../arm-none-eabi/lib/thumb/v7e-m+dp/hard\libc_nano.a(libc_a-lseekr.o)
                0x0000000008011154                _lseek_r
 .text._read_r  0x0000000008011178       0x24 D:/ST/STM32CubeIDE_1.13.1/STM32CubeIDE/plugins/com.st.stm32cube.ide.mcu.externaltools.gnu-tools-for-stm32.11.3.rel1.win32_1.1.0.202305231506/tools/bin/../lib/gcc/arm-none-eabi/11.3.1/../../../../arm-none-eabi/lib/thumb/v7e-m+dp/hard\libc_nano.a(libc_a-readr.o)
                0x0000000008011178                _read_r
 .text._write_r
                0x000000000801119c       0x24 D:/ST/STM32CubeIDE_1.13.1/STM32CubeIDE/plugins/com.st.stm32cube.ide.mcu.externaltools.gnu-tools-for-stm32.11.3.rel1.win32_1.1.0.202305231506/tools/bin/../lib/gcc/arm-none-eabi/11.3.1/../../../../arm-none-eabi/lib/thumb/v7e-m+dp/hard\libc_nano.a(libc_a-writer.o)
                0x000000000801119c                _write_r
 .text.__errno  0x00000000080111c0        0xc D:/ST/STM32CubeIDE_1.13.1/STM32CubeIDE/plugins/com.st.stm32cube.ide.mcu.externaltools.gnu-tools-for-stm32.11.3.rel1.win32_1.1.0.202305231506/tools/bin/../lib/gcc/arm-none-eabi/11.3.1/../../../../arm-none-eabi/lib/thumb/v7e-m+dp/hard\libc_nano.a(libc_a-errno.o)
                0x00000000080111c0                __errno
 .text.__libc_init_array
                0x00000000080111cc       0x48 D:/ST/STM32CubeIDE_1.13.1/STM32CubeIDE/plugins/com.st.stm32cube.ide.mcu.externaltools.gnu-tools-for-stm32.11.3.rel1.win32_1.1.0.202305231506/tools/bin/../lib/gcc/arm-none-eabi/11.3.1/../../../../arm-none-eabi/lib/thumb/v7e-m+dp/hard\libc_nano.a(libc_a-init.o)
                0x00000000080111cc                __libc_init_array
 .text.__retarget_lock_acquire_recursive
                0x0000000008011214        0x2 D:/ST/STM32CubeIDE_1.13.1/STM32CubeIDE/plugins/com.st.stm32cube.ide.mcu.externaltools.gnu-tools-for-stm32.11.3.rel1.win32_1.1.0.202305231506/tools/bin/../lib/gcc/arm-none-eabi/11.3.1/../../../../arm-none-eabi/lib/thumb/v7e-m+dp/hard\libc_nano.a(libc_a-lock.o)
                0x0000000008011214                __retarget_lock_acquire_recursive
 .text.__retarget_lock_release_recursive
                0x0000000008011216        0x2 D:/ST/STM32CubeIDE_1.13.1/STM32CubeIDE/plugins/com.st.stm32cube.ide.mcu.externaltools.gnu-tools-for-stm32.11.3.rel1.win32_1.1.0.202305231506/tools/bin/../lib/gcc/arm-none-eabi/11.3.1/../../../../arm-none-eabi/lib/thumb/v7e-m+dp/hard\libc_nano.a(libc_a-lock.o)
                0x0000000008011216                __retarget_lock_release_recursive
 .text._free_r  0x0000000008011218       0x98 D:/ST/STM32CubeIDE_1.13.1/STM32CubeIDE/plugins/com.st.stm32cube.ide.mcu.externaltools.gnu-tools-for-stm32.11.3.rel1.win32_1.1.0.202305231506/tools/bin/../lib/gcc/arm-none-eabi/11.3.1/../../../../arm-none-eabi/lib/thumb/v7e-m+dp/hard\libc_nano.a(libc_a-freer.o)
                0x0000000008011218                _free_r
 .text.sbrk_aligned
                0x00000000080112b0       0x40 D:/ST/STM32CubeIDE_1.13.1/STM32CubeIDE/plugins/com.st.stm32cube.ide.mcu.externaltools.gnu-tools-for-stm32.11.3.rel1.win32_1.1.0.202305231506/tools/bin/../lib/gcc/arm-none-eabi/11.3.1/../../../../arm-none-eabi/lib/thumb/v7e-m+dp/hard\libc_nano.a(libc_a-mallocr.o)
 .text._malloc_r
                0x00000000080112f0      0x100 D:/ST/STM32CubeIDE_1.13.1/STM32CubeIDE/plugins/com.st.stm32cube.ide.mcu.externaltools.gnu-tools-for-stm32.11.3.rel1.win32_1.1.0.202305231506/tools/bin/../lib/gcc/arm-none-eabi/11.3.1/../../../../arm-none-eabi/lib/thumb/v7e-m+dp/hard\libc_nano.a(libc_a-mallocr.o)
                0x00000000080112f0                _malloc_r
 .text.__malloc_lock
                0x00000000080113f0        0xc D:/ST/STM32CubeIDE_1.13.1/STM32CubeIDE/plugins/com.st.stm32cube.ide.mcu.externaltools.gnu-tools-for-stm32.11.3.rel1.win32_1.1.0.202305231506/tools/bin/../lib/gcc/arm-none-eabi/11.3.1/../../../../arm-none-eabi/lib/thumb/v7e-m+dp/hard\libc_nano.a(libc_a-mlock.o)
                0x00000000080113f0                __malloc_lock
 .text.__malloc_unlock
                0x00000000080113fc        0xc D:/ST/STM32CubeIDE_1.13.1/STM32CubeIDE/plugins/com.st.stm32cube.ide.mcu.externaltools.gnu-tools-for-stm32.11.3.rel1.win32_1.1.0.202305231506/tools/bin/../lib/gcc/arm-none-eabi/11.3.1/../../../../arm-none-eabi/lib/thumb/v7e-m+dp/hard\libc_nano.a(libc_a-mlock.o)
                0x00000000080113fc                __malloc_unlock
 .text.__ssputs_r
                0x0000000008011408       0xb4 D:/ST/STM32CubeIDE_1.13.1/STM32CubeIDE/plugins/com.st.stm32cube.ide.mcu.externaltools.gnu-tools-for-stm32.11.3.rel1.win32_1.1.0.202305231506/tools/bin/../lib/gcc/arm-none-eabi/11.3.1/../../../../arm-none-eabi/lib/thumb/v7e-m+dp/hard\libc_nano.a(libc_a-nano-svfprintf.o)
                0x0000000008011408                __ssputs_r
 .text._svfprintf_r
                0x00000000080114bc      0x1fc D:/ST/STM32CubeIDE_1.13.1/STM32CubeIDE/plugins/com.st.stm32cube.ide.mcu.externaltools.gnu-tools-for-stm32.11.3.rel1.win32_1.1.0.202305231506/tools/bin/../lib/gcc/arm-none-eabi/11.3.1/../../../../arm-none-eabi/lib/thumb/v7e-m+dp/hard\libc_nano.a(libc_a-nano-svfprintf.o)
                0x00000000080114bc                _svfiprintf_r
                0x00000000080114bc                _svfprintf_r
 .text._printf_common
                0x00000000080116b8       0xda D:/ST/STM32CubeIDE_1.13.1/STM32CubeIDE/plugins/com.st.stm32cube.ide.mcu.externaltools.gnu-tools-for-stm32.11.3.rel1.win32_1.1.0.202305231506/tools/bin/../lib/gcc/arm-none-eabi/11.3.1/../../../../arm-none-eabi/lib/thumb/v7e-m+dp/hard\libc_nano.a(libc_a-nano-vfprintf_i.o)
                0x00000000080116b8                _printf_common
 *fill*         0x0000000008011792        0x2 
 .text._printf_i
                0x0000000008011794      0x244 D:/ST/STM32CubeIDE_1.13.1/STM32CubeIDE/plugins/com.st.stm32cube.ide.mcu.externaltools.gnu-tools-for-stm32.11.3.rel1.win32_1.1.0.202305231506/tools/bin/../lib/gcc/arm-none-eabi/11.3.1/../../../../arm-none-eabi/lib/thumb/v7e-m+dp/hard\libc_nano.a(libc_a-nano-vfprintf_i.o)
                0x0000000008011794                _printf_i
 .text.__sflush_r
                0x00000000080119d8      0x10c D:/ST/STM32CubeIDE_1.13.1/STM32CubeIDE/plugins/com.st.stm32cube.ide.mcu.externaltools.gnu-tools-for-stm32.11.3.rel1.win32_1.1.0.202305231506/tools/bin/../lib/gcc/arm-none-eabi/11.3.1/../../../../arm-none-eabi/lib/thumb/v7e-m+dp/hard\libc_nano.a(libc_a-fflush.o)
                0x00000000080119d8                __sflush_r
 .text._fflush_r
                0x0000000008011ae4       0x50 D:/ST/STM32CubeIDE_1.13.1/STM32CubeIDE/plugins/com.st.stm32cube.ide.mcu.externaltools.gnu-tools-for-stm32.11.3.rel1.win32_1.1.0.202305231506/tools/bin/../lib/gcc/arm-none-eabi/11.3.1/../../../../arm-none-eabi/lib/thumb/v7e-m+dp/hard\libc_nano.a(libc_a-fflush.o)
                0x0000000008011ae4                _fflush_r
 .text.__swhatbuf_r
                0x0000000008011b34       0x4c D:/ST/STM32CubeIDE_1.13.1/STM32CubeIDE/plugins/com.st.stm32cube.ide.mcu.externaltools.gnu-tools-for-stm32.11.3.rel1.win32_1.1.0.202305231506/tools/bin/../lib/gcc/arm-none-eabi/11.3.1/../../../../arm-none-eabi/lib/thumb/v7e-m+dp/hard\libc_nano.a(libc_a-makebuf.o)
                0x0000000008011b34                __swhatbuf_r
 .text.__smakebuf_r
                0x0000000008011b80       0x78 D:/ST/STM32CubeIDE_1.13.1/STM32CubeIDE/plugins/com.st.stm32cube.ide.mcu.externaltools.gnu-tools-for-stm32.11.3.rel1.win32_1.1.0.202305231506/tools/bin/../lib/gcc/arm-none-eabi/11.3.1/../../../../arm-none-eabi/lib/thumb/v7e-m+dp/hard\libc_nano.a(libc_a-makebuf.o)
                0x0000000008011b80                __smakebuf_r
 .text.memmove  0x0000000008011bf8       0x34 D:/ST/STM32CubeIDE_1.13.1/STM32CubeIDE/plugins/com.st.stm32cube.ide.mcu.externaltools.gnu-tools-for-stm32.11.3.rel1.win32_1.1.0.202305231506/tools/bin/../lib/gcc/arm-none-eabi/11.3.1/../../../../arm-none-eabi/lib/thumb/v7e-m+dp/hard\libc_nano.a(libc_a-memmove.o)
                0x0000000008011bf8                memmove
 .text._fstat_r
                0x0000000008011c2c       0x24 D:/ST/STM32CubeIDE_1.13.1/STM32CubeIDE/plugins/com.st.stm32cube.ide.mcu.externaltools.gnu-tools-for-stm32.11.3.rel1.win32_1.1.0.202305231506/tools/bin/../lib/gcc/arm-none-eabi/11.3.1/../../../../arm-none-eabi/lib/thumb/v7e-m+dp/hard\libc_nano.a(libc_a-fstatr.o)
                0x0000000008011c2c                _fstat_r
 .text._isatty_r
                0x0000000008011c50       0x20 D:/ST/STM32CubeIDE_1.13.1/STM32CubeIDE/plugins/com.st.stm32cube.ide.mcu.externaltools.gnu-tools-for-stm32.11.3.rel1.win32_1.1.0.202305231506/tools/bin/../lib/gcc/arm-none-eabi/11.3.1/../../../../arm-none-eabi/lib/thumb/v7e-m+dp/hard\libc_nano.a(libc_a-isattyr.o)
                0x0000000008011c50                _isatty_r
 .text._sbrk_r  0x0000000008011c70       0x20 D:/ST/STM32CubeIDE_1.13.1/STM32CubeIDE/plugins/com.st.stm32cube.ide.mcu.externaltools.gnu-tools-for-stm32.11.3.rel1.win32_1.1.0.202305231506/tools/bin/../lib/gcc/arm-none-eabi/11.3.1/../../../../arm-none-eabi/lib/thumb/v7e-m+dp/hard\libc_nano.a(libc_a-sbrkr.o)
                0x0000000008011c70                _sbrk_r
 .text.memcpy   0x0000000008011c90       0x1c D:/ST/STM32CubeIDE_1.13.1/STM32CubeIDE/plugins/com.st.stm32cube.ide.mcu.externaltools.gnu-tools-for-stm32.11.3.rel1.win32_1.1.0.202305231506/tools/bin/../lib/gcc/arm-none-eabi/11.3.1/../../../../arm-none-eabi/lib/thumb/v7e-m+dp/hard\libc_nano.a(libc_a-memcpy-stub.o)
                0x0000000008011c90                memcpy
 .text._realloc_r
                0x0000000008011cac       0x5e D:/ST/STM32CubeIDE_1.13.1/STM32CubeIDE/plugins/com.st.stm32cube.ide.mcu.externaltools.gnu-tools-for-stm32.11.3.rel1.win32_1.1.0.202305231506/tools/bin/../lib/gcc/arm-none-eabi/11.3.1/../../../../arm-none-eabi/lib/thumb/v7e-m+dp/hard\libc_nano.a(libc_a-reallocr.o)
                0x0000000008011cac                _realloc_r
 .text._malloc_usable_size_r
                0x0000000008011d0a       0x10 D:/ST/STM32CubeIDE_1.13.1/STM32CubeIDE/plugins/com.st.stm32cube.ide.mcu.externaltools.gnu-tools-for-stm32.11.3.rel1.win32_1.1.0.202305231506/tools/bin/../lib/gcc/arm-none-eabi/11.3.1/../../../../arm-none-eabi/lib/thumb/v7e-m+dp/hard\libc_nano.a(libc_a-msizer.o)
                0x0000000008011d0a                _malloc_usable_size_r
 *(.glue_7)
 .glue_7        0x0000000008011d1a        0x0 linker stubs
 *(.glue_7t)
 .glue_7t       0x0000000008011d1a        0x0 linker stubs
 *(.eh_frame)
 *fill*         0x0000000008011d1a        0x2 
 .eh_frame      0x0000000008011d1c        0x0 D:/ST/STM32CubeIDE_1.13.1/STM32CubeIDE/plugins/com.st.stm32cube.ide.mcu.externaltools.gnu-tools-for-stm32.11.3.rel1.win32_1.1.0.202305231506/tools/bin/../lib/gcc/arm-none-eabi/11.3.1/thumb/v7e-m+dp/hard/crtbegin.o
 *(.init)
 .init          0x0000000008011d1c        0x4 D:/ST/STM32CubeIDE_1.13.1/STM32CubeIDE/plugins/com.st.stm32cube.ide.mcu.externaltools.gnu-tools-for-stm32.11.3.rel1.win32_1.1.0.202305231506/tools/bin/../lib/gcc/arm-none-eabi/11.3.1/thumb/v7e-m+dp/hard/crti.o
                0x0000000008011d1c                _init
 .init          0x0000000008011d20        0x8 D:/ST/STM32CubeIDE_1.13.1/STM32CubeIDE/plugins/com.st.stm32cube.ide.mcu.externaltools.gnu-tools-for-stm32.11.3.rel1.win32_1.1.0.202305231506/tools/bin/../lib/gcc/arm-none-eabi/11.3.1/thumb/v7e-m+dp/hard/crtn.o
 *(.fini)
 .fini          0x0000000008011d28        0x4 D:/ST/STM32CubeIDE_1.13.1/STM32CubeIDE/plugins/com.st.stm32cube.ide.mcu.externaltools.gnu-tools-for-stm32.11.3.rel1.win32_1.1.0.202305231506/tools/bin/../lib/gcc/arm-none-eabi/11.3.1/thumb/v7e-m+dp/hard/crti.o
                0x0000000008011d28                _fini
 .fini          0x0000000008011d2c        0x8 D:/ST/STM32CubeIDE_1.13.1/STM32CubeIDE/plugins/com.st.stm32cube.ide.mcu.externaltools.gnu-tools-for-stm32.11.3.rel1.win32_1.1.0.202305231506/tools/bin/../lib/gcc/arm-none-eabi/11.3.1/thumb/v7e-m+dp/hard/crtn.o
                0x0000000008011d34                . = ALIGN (0x4)
                0x0000000008011d34                _etext = .

.vfp11_veneer   0x0000000008011d34        0x0
 .vfp11_veneer  0x0000000008011d34        0x0 linker stubs

.v4_bx          0x0000000008011d34        0x0
 .v4_bx         0x0000000008011d34        0x0 linker stubs

.iplt           0x0000000008011d34        0x0
 .iplt          0x0000000008011d34        0x0 D:/ST/STM32CubeIDE_1.13.1/STM32CubeIDE/plugins/com.st.stm32cube.ide.mcu.externaltools.gnu-tools-for-stm32.11.3.rel1.win32_1.1.0.202305231506/tools/bin/../lib/gcc/arm-none-eabi/11.3.1/thumb/v7e-m+dp/hard/crtbegin.o

.rodata         0x0000000008011d34       0xec
                0x0000000008011d34                . = ALIGN (0x4)
 *(.rodata)
 .rodata        0x0000000008011d34       0x19 ./Core/Src/main.o
 *fill*         0x0000000008011d4d        0x3 
 .rodata        0x0000000008011d50       0x46 ./USB_DEVICE/App/usbd_desc.o
 *fill*         0x0000000008011d96        0x2 
 .rodata        0x0000000008011d98       0x15 ./camera/camera_run.o
 *fill*         0x0000000008011dad        0x3 
 .rodata        0x0000000008011db0       0x21 ./camera/ov5640.o
 *(.rodata*)
 *fill*         0x0000000008011dd1        0x3 
 .rodata.D1CorePrescTable
                0x0000000008011dd4       0x10 ./Core/Src/system_stm32h7xx.o
                0x0000000008011dd4                D1CorePrescTable
 .rodata.flagBitshiftOffset.0
                0x0000000008011de4        0x8 ./Drivers/STM32H7xx_HAL_Driver/Src/stm32h7xx_hal_dma.o
 .rodata._svfprintf_r.str1.1
                0x0000000008011dec       0x11 D:/ST/STM32CubeIDE_1.13.1/STM32CubeIDE/plugins/com.st.stm32cube.ide.mcu.externaltools.gnu-tools-for-stm32.11.3.rel1.win32_1.1.0.202305231506/tools/bin/../lib/gcc/arm-none-eabi/11.3.1/../../../../arm-none-eabi/lib/thumb/v7e-m+dp/hard\libc_nano.a(libc_a-nano-svfprintf.o)
 .rodata._printf_i.str1.1
                0x0000000008011dfd       0x22 D:/ST/STM32CubeIDE_1.13.1/STM32CubeIDE/plugins/com.st.stm32cube.ide.mcu.externaltools.gnu-tools-for-stm32.11.3.rel1.win32_1.1.0.202305231506/tools/bin/../lib/gcc/arm-none-eabi/11.3.1/../../../../arm-none-eabi/lib/thumb/v7e-m+dp/hard\libc_nano.a(libc_a-nano-vfprintf_i.o)
                0x0000000008011e20                . = ALIGN (0x4)
 *fill*         0x0000000008011e1f        0x1 

.rel.dyn        0x0000000008011e20        0x0
 .rel.iplt      0x0000000008011e20        0x0 D:/ST/STM32CubeIDE_1.13.1/STM32CubeIDE/plugins/com.st.stm32cube.ide.mcu.externaltools.gnu-tools-for-stm32.11.3.rel1.win32_1.1.0.202305231506/tools/bin/../lib/gcc/arm-none-eabi/11.3.1/thumb/v7e-m+dp/hard/crtbegin.o

.ARM.extab
 *(.ARM.extab* .gnu.linkonce.armextab.*)

.ARM            0x0000000008011e20        0x0
                0x0000000008011e20                __exidx_start = .
 *(.ARM.exidx*)
                0x0000000008011e20                __exidx_end = .

.preinit_array  0x0000000008011e20        0x0
                0x0000000008011e20                PROVIDE (__preinit_array_start = .)
 *(.preinit_array*)
                0x0000000008011e20                PROVIDE (__preinit_array_end = .)

.init_array     0x0000000008011e20        0x4
                0x0000000008011e20                PROVIDE (__init_array_start = .)
 *(SORT_BY_NAME(.init_array.*))
 *(.init_array*)
 .init_array    0x0000000008011e20        0x4 D:/ST/STM32CubeIDE_1.13.1/STM32CubeIDE/plugins/com.st.stm32cube.ide.mcu.externaltools.gnu-tools-for-stm32.11.3.rel1.win32_1.1.0.202305231506/tools/bin/../lib/gcc/arm-none-eabi/11.3.1/thumb/v7e-m+dp/hard/crtbegin.o
                0x0000000008011e24                PROVIDE (__init_array_end = .)

.fini_array     0x0000000008011e24        0x4
                [!provide]                        PROVIDE (__fini_array_start = .)
 *(SORT_BY_NAME(.fini_array.*))
 *(.fini_array*)
 .fini_array    0x0000000008011e24        0x4 D:/ST/STM32CubeIDE_1.13.1/STM32CubeIDE/plugins/com.st.stm32cube.ide.mcu.externaltools.gnu-tools-for-stm32.11.3.rel1.win32_1.1.0.202305231506/tools/bin/../lib/gcc/arm-none-eabi/11.3.1/thumb/v7e-m+dp/hard/crtbegin.o
                [!provide]                        PROVIDE (__fini_array_end = .)
                0x0000000008011e28                _sidata = LOADADDR (.data)

.data           0x0000000024000000      0x768 load address 0x0000000008011e28
                0x0000000024000000                . = ALIGN (0x4)
                0x0000000024000000                _sdata = .
 *(.data)
 *(.data*)
 .data.SystemCoreClock
                0x0000000024000000        0x4 ./Core/Src/system_stm32h7xx.o
                0x0000000024000000                SystemCoreClock
 .data.SystemD2Clock
                0x0000000024000004        0x4 ./Core/Src/system_stm32h7xx.o
                0x0000000024000004                SystemD2Clock
 .data.uwTickPrio
                0x0000000024000008        0x4 ./Drivers/STM32H7xx_HAL_Driver/Src/stm32h7xx_hal.o
                0x0000000024000008                uwTickPrio
 .data.uwTickFreq