../SPI_LCD/st7735.c:33:6:ST7735_Reset	8	static
../SPI_LCD/st7735.c:41:6:ST7735_WriteCommand	16	static
../SPI_LCD/st7735.c:50:6:ST7735_WriteData	16	static
../SPI_LCD/st7735.c:59:6:ST7735_WriteBuf	16	static
../SPI_LCD/st7735.c:69:6:ST7735_SetRotation	24	static
../SPI_LCD/st7735.c:93:6:ST7735_Init	8	static
../SPI_LCD/st7735.c:188:6:ST7735_SetAddressWindow	24	static
../SPI_LCD/st7735.c:209:6:ST7735_DrawRectangle	32	static
../SPI_LCD/st7735.c:221:6:ST7735_DrawPixel	24	static
../SPI_LCD/st7735.c:235:6:ST7735_FillScreen	24	static
../SPI_LCD/st7735.c:240:6:ST7735_DrawImage	40992	static
